BL51 BANKED LINKER/LOCATER V5.03                                                        10/27/2014  10:37:58  PAGE 1


BL51 BANKED LINKER/LOCATER V5.03, INVOKED BY:
D:\SW_INSTALL\C51\BIN\BL51.EXE .\STARTUP.obj, ir.obj, main.obj, pannel.obj, pmu_rtc.obj, sys.obj, uart.obj TO PDK_PMU_MC
>> U RAMSIZE (256) CODE (0X0000-0X37FF) XDATA (0X3800-0X3FFF)


MEMORY MODEL: LARGE


INPUT MODULES INCLUDED:
  .\STARTUP.obj (?C_STARTUP)
  ir.obj (IR)
  main.obj (MAIN)
  pannel.obj (PANNEL)
  pmu_rtc.obj (PMU_RTC)
  sys.obj (SYS)
  uart.obj (UART)
  D:\SW_INSTALL\C51\LIB\C51L.LIB (?C_INIT)
  D:\SW_INSTALL\C51\LIB\C51L.LIB (?C?COPY)
  D:\SW_INSTALL\C51\LIB\C51L.LIB (?C?CLDPTR)
  D:\SW_INSTALL\C51\LIB\C51L.LIB (?C?CLDOPTR)
  D:\SW_INSTALL\C51\LIB\C51L.LIB (?C?CILDOPTR)
  D:\SW_INSTALL\C51\LIB\C51L.LIB (?C?CSTPTR)
  D:\SW_INSTALL\C51\LIB\C51L.LIB (?C?CSTOPTR)
  D:\SW_INSTALL\C51\LIB\C51L.LIB (?C?ILDOPTR)
  D:\SW_INSTALL\C51\LIB\C51L.LIB (?C?ISTOPTR)
  D:\SW_INSTALL\C51\LIB\C51L.LIB (?C?ULDIV)
  D:\SW_INSTALL\C51\LIB\C51L.LIB (?C?ULCMP)
  D:\SW_INSTALL\C51\LIB\C51L.LIB (?C?ULSHR)
  D:\SW_INSTALL\C51\LIB\C51L.LIB (?C?LSHL)
  D:\SW_INSTALL\C51\LIB\C51L.LIB (?C?LLDPTR)
  D:\SW_INSTALL\C51\LIB\C51L.LIB (?C?LLDOPTR)
  D:\SW_INSTALL\C51\LIB\C51L.LIB (?C?LSTPTR)
  D:\SW_INSTALL\C51\LIB\C51L.LIB (?C?LSTOPTR)
  D:\SW_INSTALL\C51\LIB\C51L.LIB (?C?LLDIXDATA)
  D:\SW_INSTALL\C51\LIB\C51L.LIB (?C?LSTXDATA)
  D:\SW_INSTALL\C51\LIB\C51L.LIB (?C?LSTKXDATA)
  D:\SW_INSTALL\C51\LIB\C51L.LIB (?C?OFFXADD)
  D:\SW_INSTALL\C51\LIB\C51L.LIB (?C?PLDPTR)
  D:\SW_INSTALL\C51\LIB\C51L.LIB (?C?PLDOPTR)
  D:\SW_INSTALL\C51\LIB\C51L.LIB (?C?LLDIDATA)
  D:\SW_INSTALL\C51\LIB\C51L.LIB (?C?LLDXDATA)
  D:\SW_INSTALL\C51\LIB\C51L.LIB (?C?LLDPDATA)
  D:\SW_INSTALL\C51\LIB\C51L.LIB (?C?LLDCODE)
  D:\SW_INSTALL\C51\LIB\C51L.LIB (?C?LSTIDATA)
  D:\SW_INSTALL\C51\LIB\C51L.LIB (?C?LSTPDATA)
  D:\SW_INSTALL\C51\LIB\C51L.LIB (?C?PLDIDATA)
  D:\SW_INSTALL\C51\LIB\C51L.LIB (?C?PLDXDATA)
  D:\SW_INSTALL\C51\LIB\C51L.LIB (?C?PLDPDATA)
  D:\SW_INSTALL\C51\LIB\C51L.LIB (?C?PLDCODE)


LINK MAP OF MODULE:  PDK_PMU_MCU (?C_STARTUP)


            TYPE    BASE      LENGTH    RELOCATION   SEGMENT NAME
            -----------------------------------------------------

            * * * * * * *   D A T A   M E M O R Y   * * * * * * *
BL51 BANKED LINKER/LOCATER V5.03                                                      10/27/2014  10:37:58  PAGE 2


            REG     0000H     0008H     ABSOLUTE     "REG BANK 0"
            IDATA   0008H     0001H     UNIT         ?STACK

            * * * * * * *  X D A T A   M E M O R Y  * * * * * * *
                    0000H     3800H                  *** GAP ***
            XDATA   3800H     05B3H     UNIT         ?XD?IR
            XDATA   3DB3H     00BAH     UNIT         _XDATA_GROUP_
            XDATA   3E6DH     0016H     UNIT         ?XD?PMU_RTC
            XDATA   3E83H     0008H     UNIT         ?XD?_DEBUG_DELAY?SYS
            XDATA   3E8BH     0003H     UNIT         ?XD?MAIN
            XDATA   3E8EH     0003H     UNIT         ?XD?SYS
                    3E91H     013FH                  *** GAP ***
            XDATA   3FD0H     0020H     ABSOLUTE     

            * * * * * * *   C O D E   M E M O R Y   * * * * * * *
            CODE    0000H     0003H     ABSOLUTE     
            CODE    0003H     0003H     ABSOLUTE     
            CODE    0006H     000DH     UNIT         ?PR?GET_IR?IR
            CODE    0013H     0003H     ABSOLUTE     
            CODE    0016H     0024H     UNIT         ?PR?PMU_INIT?SYS
                    003AH     0001H                  *** GAP ***
            CODE    003BH     0003H     ABSOLUTE     
            CODE    003EH     0005H     UNIT         ?PR?INIT_EXTERNINT2?SYS
            CODE    0043H     0003H     ABSOLUTE     
            CODE    0046H     0005H     UNIT         ?PR?INIT_EXTERNINT3?SYS
            CODE    004BH     0003H     ABSOLUTE     
            CODE    004EH     0005H     UNIT         ?PR?INIT_EXTERNINT4?SYS
            CODE    0053H     0003H     ABSOLUTE     
            CODE    0056H     1039H     UNIT         ?PR?_IRC_DECODE?IR
            CODE    108FH     0546H     UNIT         ?C_INITSEG
            CODE    15D5H     04DCH     UNIT         ?C?LIB_CODE
            CODE    1AB1H     0242H     UNIT         ?PR?_REVERSE_CODE_BYTE?IR
            CODE    1CF3H     022FH     UNIT         ?PR?IR_GENERATECODE?IR
            CODE    1F22H     01F3H     UNIT         ?PR?_REVERSE_CODE_BIT?IR
            CODE    2115H     01A8H     UNIT         ?PR?_UPDATE_CURRENT_TIME?PMU_RTC
            CODE    22BDH     00EDH     UNIT         ?PR?_RTC_PROCESS?SYS
            CODE    23AAH     00E1H     UNIT         ?PR?_SHOW_TIME?PANNEL
            CODE    248BH     00DCH     UNIT         ?PR?EXTERN_INT2?SYS
            CODE    2567H     00B8H     UNIT         ?PR?_I2C_GPIO_READ_NO_STOP?PANNEL
            CODE    261FH     00B7H     UNIT         ?PR?_IRC_PULSE_TO_CODE?IR
            CODE    26D6H     009BH     UNIT         ?PR?IR_ISR?IR
            CODE    2771H     0092H     UNIT         ?PR?_IS_LEAP_YEAR?PMU_RTC
            CODE    2803H     008CH     UNIT         ?C_C51STARTUP
            CODE    288FH     0088H     UNIT         ?PR?_I2C_GPIO_WRITE_NO_STOP?PANNEL
            CODE    2917H     0070H     UNIT         ?PR?EXTERN_INT0?SYS
            CODE    2987H     006DH     UNIT         ?PR?_DEBUG_DELAY?SYS
            CODE    29F4H     006BH     UNIT         ?PR?_POWER_KEY_PROCESS?MAIN
            CODE    2A5FH     0069H     UNIT         ?CO?IR
            CODE    2AC8H     005EH     UNIT         ?PR?EXTERN_INT1?PMU_RTC
            CODE    2B26H     005AH     UNIT         ?PR?_PMU_TIMER1_SET_TIME?PMU_RTC
            CODE    2B80H     0053H     UNIT         ?PR?SHOW_OFF?PANNEL
            CODE    2BD3H     0053H     UNIT         ?PR?SHOW_BANK?PANNEL
            CODE    2C26H     0053H     UNIT         ?PR?_HAL_GPIO_BIT_SET?SYS
            CODE    2C79H     004FH     UNIT         ?PR?_HAL_GPIO_BIT_DIR_SET?SYS
            CODE    2CC8H     004AH     UNIT         ?PR?MAIN?MAIN
            CODE    2D12H     0044H     UNIT         ?PR?_MAIN_CPU_GET_TIME?PMU_RTC
            CODE    2D56H     003EH     UNIT         ?PR?_I2C_GPIO_PHASE_GET_BYTE?PANNEL
BL51 BANKED LINKER/LOCATER V5.03                                                      10/27/2014  10:37:58  PAGE 3


            CODE    2D94H     003DH     UNIT         ?PR?POWER_KEY_CFG?SYS
            CODE    2DD1H     003AH     UNIT         ?PR?IR_INIT?IR
            CODE    2E0BH     0039H     UNIT         ?PR?PANNEL_SCAN?PANNEL
            CODE    2E44H     0039H     UNIT         ?PR?_PANNEL_PROCESS?SYS
            CODE    2E7DH     0039H     UNIT         ?PR?_IR_PROCESS?SYS
            CODE    2EB6H     0037H     UNIT         ?PR?_HAL_MCU_GPIO_EN?SYS
            CODE    2EEDH     0036H     UNIT         ?PR?I2C_GPIO_PHASE_START?PANNEL
            CODE    2F23H     0031H     UNIT         ?PR?_I2C_GPIO_PHASE_SET_BYTE?PANNEL
            CODE    2F54H     0030H     UNIT         ?PR?ONENOP?PANNEL
            CODE    2F84H     002EH     UNIT         ?PR?_HAL_GPIO_BIT_GET?SYS
            CODE    2FB2H     002DH     UNIT         ?PR?I2C_GPIO_PHASE_STOP?PANNEL
            CODE    2FDFH     002DH     UNIT         ?PR?_SHOW_PANNEL?PANNEL
            CODE    300CH     002CH     UNIT         ?PR?_I2C_GPIO_PHASE_SET_BIT?PANNEL
            CODE    3038H     002AH     UNIT         ?PR?I2C_GPIO_PHASE_GET_BIT?PANNEL
            CODE    3062H     0028H     UNIT         ?PR?_I2C_GPIO_WRITE?PANNEL
            CODE    308AH     0023H     UNIT         ?PR?_ALI_POWER_KEY_PROCESS?SYS
            CODE    30ADH     0022H     UNIT         ?PR?PANNEL_INIT?PANNEL
            CODE    30CFH     0021H     UNIT         ?PR?_I2C_GPIO_READ?PANNEL
            CODE    30F0H     001FH     UNIT         ?PR?_DELAY?PANNEL
            CODE    310FH     001BH     UNIT         ?PR?_DELAY_MS?PANNEL
            CODE    312AH     001AH     UNIT         ?PR?EXTERN_INT5?SYS
            CODE    3144H     0017H     UNIT         ?PR?EXTERN_INT3?SYS
            CODE    315BH     0017H     UNIT         ?PR?EXTERN_INT4?SYS
            CODE    3172H     0015H     UNIT         ?PR?STANDBY_INIT?SYS
            CODE    3187H     0014H     UNIT         ?PR?_POWER_KEY_MODE?SYS
            CODE    319BH     0012H     UNIT         ?CO?PANNEL
            CODE    31ADH     0012H     UNIT         ?PR?_EXIT_STANDBY_STATUS?SYS
            CODE    31BFH     0012H     UNIT         ?PR?INITUART?UART
            CODE    31D1H     0010H     UNIT         ?PR?_PMU_TIMER1_INT_EN?PMU_RTC
            CODE    31E1H     000CH     UNIT         ?PR?SET_SCL_LO?PANNEL
            CODE    31EDH     000BH     UNIT         ?PR?SET_SDA_LO?PANNEL
            CODE    31F8H     000BH     UNIT         ?PR?SET_SCL_OUT?PANNEL
            CODE    3203H     000BH     UNIT         ?PR?DELAY_2US?PANNEL
            CODE    320EH     000BH     UNIT         ?PR?HAL_MCU_GPIO_DISABLE_EN?SYS
            CODE    3219H     000AH     UNIT         ?PR?SET_SDA_OUT?PANNEL
            CODE    3223H     0009H     UNIT         ?PR?SET_SCL_IN?PANNEL
            CODE    322CH     0008H     UNIT         ?PR?SET_SDA_IN?PANNEL
            CODE    3234H     0008H     UNIT         ?PR?GET_SCL?PANNEL
            CODE    323CH     0007H     UNIT         ?PR?GET_SDA?PANNEL
            CODE    3243H     0006H     UNIT         ?PR?SET_SCL_HI?PANNEL
            CODE    3249H     0006H     UNIT         ?PR?_HAL_GPIO_WRITE?SYS
            CODE    324FH     0006H     UNIT         ?PR?HAL_GPIO_READ?SYS
            CODE    3255H     0006H     UNIT         ?PR?HAL_GPIO_DIR_GET?SYS
            CODE    325BH     0006H     UNIT         ?PR?_HAL_GPIO_DIR_SET?SYS
            CODE    3261H     0006H     UNIT         ?PR?_HAL_GPIO_EN?SYS
            CODE    3267H     0006H     UNIT         ?PR?_HAL_GPIO1_WRITE?SYS
            CODE    326DH     0006H     UNIT         ?PR?HAL_GPIO1_READ?SYS
            CODE    3273H     0006H     UNIT         ?PR?HAL_GPIO1_DIR_GET?SYS
            CODE    3279H     0006H     UNIT         ?PR?_HAL_GPIO1_DIR_SET?SYS
            CODE    327FH     0006H     UNIT         ?PR?_HAL_GPIO1_EN?SYS
            CODE    3285H     0006H     UNIT         ?PR?MCU_DISABLE_INT?SYS
            CODE    328BH     0005H     UNIT         ?PR?INIT_EXTERNINT5?SYS
            CODE    3290H     0003H     UNIT         ?PR?SET_SDA_HI?PANNEL



OVERLAY MAP OF MODULE:   PDK_PMU_MCU (?C_STARTUP)
BL51 BANKED LINKER/LOCATER V5.03                                                      10/27/2014  10:37:58  PAGE 4




SEGMENT                                       XDATA_GROUP
  +--> CALLED SEGMENT                       START    LENGTH
-----------------------------------------------------------
?C_C51STARTUP                               -----    -----
  +--> ?PR?MAIN?MAIN
  +--> ?C_INITSEG

?PR?MAIN?MAIN                               3DB3H    0001H
  +--> ?PR?PMU_INIT?SYS
  +--> ?PR?STANDBY_INIT?SYS
  +--> ?PR?_PANNEL_PROCESS?SYS
  +--> ?PR?_RTC_PROCESS?SYS
  +--> ?PR?_IR_PROCESS?SYS

?PR?PMU_INIT?SYS                            -----    -----
  +--> ?PR?INITUART?UART
  +--> ?PR?INIT_EXTERNINT2?SYS
  +--> ?PR?INIT_EXTERNINT3?SYS
  +--> ?PR?INIT_EXTERNINT4?SYS
  +--> ?PR?INIT_EXTERNINT5?SYS
  +--> ?PR?_POWER_KEY_MODE?SYS

?PR?_POWER_KEY_MODE?SYS                     -----    -----
  +--> ?PR?POWER_KEY_CFG?SYS

?PR?STANDBY_INIT?SYS                        -----    -----
  +--> ?PR?IR_INIT?IR
  +--> ?PR?PANNEL_INIT?PANNEL
  +--> ?PR?_POWER_KEY_MODE?SYS
  +--> ?PR?_PMU_TIMER1_SET_TIME?PMU_RTC

?PR?PANNEL_INIT?PANNEL                      -----    -----
  +--> ?PR?_HAL_MCU_GPIO_EN?SYS
  +--> ?PR?_HAL_GPIO_BIT_DIR_SET?SYS

?PR?_HAL_MCU_GPIO_EN?SYS                    -----    -----
  +--> ?PR?_HAL_GPIO_EN?SYS
  +--> ?PR?_HAL_GPIO1_EN?SYS

?PR?_HAL_GPIO_BIT_DIR_SET?SYS               -----    -----
  +--> ?PR?HAL_GPIO_DIR_GET?SYS
  +--> ?PR?_HAL_GPIO_DIR_SET?SYS
  +--> ?PR?HAL_GPIO1_DIR_GET?SYS
  +--> ?PR?_HAL_GPIO1_DIR_SET?SYS

?PR?_PMU_TIMER1_SET_TIME?PMU_RTC            3DB4H    0001H
  +--> ?PR?_PMU_TIMER1_INT_EN?PMU_RTC

?PR?_PANNEL_PROCESS?SYS                     3DB4H    0003H
  +--> ?PR?_SHOW_PANNEL?PANNEL
  +--> ?PR?PANNEL_SCAN?PANNEL
  +--> ?PR?_MAIN_CPU_GET_TIME?PMU_RTC
  +--> ?PR?HAL_MCU_GPIO_DISABLE_EN?SYS

?PR?_SHOW_PANNEL?PANNEL                     3DB7H    0004H
BL51 BANKED LINKER/LOCATER V5.03                                                      10/27/2014  10:37:58  PAGE 5


  +--> ?PR?SHOW_BANK?PANNEL
  +--> ?PR?_SHOW_TIME?PANNEL
  +--> ?PR?SHOW_OFF?PANNEL

?PR?SHOW_BANK?PANNEL                        3DBBH    0004H
  +--> ?CO?PANNEL
  +--> ?PR?_I2C_GPIO_WRITE?PANNEL

?PR?_I2C_GPIO_WRITE?PANNEL                  3DCCH    0006H
  +--> ?PR?_I2C_GPIO_WRITE_NO_STOP?PANNEL
  +--> ?PR?I2C_GPIO_PHASE_STOP?PANNEL

?PR?_I2C_GPIO_WRITE_NO_STOP?PANNEL          3DD2H    0007H
  +--> ?PR?I2C_GPIO_PHASE_START?PANNEL
  +--> ?PR?_I2C_GPIO_PHASE_SET_BYTE?PANNEL
  +--> ?PR?I2C_GPIO_PHASE_STOP?PANNEL
  +--> ?PR?_DELAY_MS?PANNEL

?PR?I2C_GPIO_PHASE_START?PANNEL             -----    -----
  +--> ?PR?SET_SDA_OUT?PANNEL
  +--> ?PR?SET_SCL_OUT?PANNEL
  +--> ?PR?SET_SDA_HI?PANNEL
  +--> ?PR?GET_SCL?PANNEL
  +--> ?PR?ONENOP?PANNEL
  +--> ?PR?SET_SCL_HI?PANNEL
  +--> ?PR?GET_SDA?PANNEL
  +--> ?PR?SET_SDA_LO?PANNEL
  +--> ?PR?SET_SCL_LO?PANNEL

?PR?SET_SDA_OUT?PANNEL                      -----    -----
  +--> ?PR?_HAL_GPIO_BIT_DIR_SET?SYS

?PR?SET_SCL_OUT?PANNEL                      -----    -----
  +--> ?PR?_HAL_GPIO_BIT_DIR_SET?SYS

?PR?SET_SDA_HI?PANNEL                       -----    -----
  +--> ?PR?SET_SDA_IN?PANNEL

?PR?SET_SDA_IN?PANNEL                       -----    -----
  +--> ?PR?_HAL_GPIO_BIT_DIR_SET?SYS

?PR?GET_SCL?PANNEL                          -----    -----
  +--> ?PR?_HAL_GPIO_BIT_GET?SYS

?PR?_HAL_GPIO_BIT_GET?SYS                   -----    -----
  +--> ?PR?HAL_GPIO_READ?SYS
  +--> ?PR?HAL_GPIO1_READ?SYS

?PR?SET_SCL_HI?PANNEL                       -----    -----
  +--> ?PR?ONENOP?PANNEL
  +--> ?PR?SET_SCL_IN?PANNEL

?PR?SET_SCL_IN?PANNEL                       -----    -----
  +--> ?PR?_HAL_GPIO_BIT_DIR_SET?SYS

?PR?GET_SDA?PANNEL                          -----    -----
  +--> ?PR?_HAL_GPIO_BIT_GET?SYS
BL51 BANKED LINKER/LOCATER V5.03                                                      10/27/2014  10:37:58  PAGE 6



?PR?SET_SDA_LO?PANNEL                       -----    -----
  +--> ?PR?SET_SDA_OUT?PANNEL
  +--> ?PR?_HAL_GPIO_BIT_SET?SYS

?PR?_HAL_GPIO_BIT_SET?SYS                   -----    -----
  +--> ?PR?_HAL_GPIO_WRITE?SYS
  +--> ?PR?_HAL_GPIO1_WRITE?SYS

?PR?SET_SCL_LO?PANNEL                       -----    -----
  +--> ?PR?SET_SCL_OUT?PANNEL
  +--> ?PR?_HAL_GPIO_BIT_SET?SYS

?PR?_I2C_GPIO_PHASE_SET_BYTE?PANNEL         3DD9H    0002H
  +--> ?PR?_I2C_GPIO_PHASE_SET_BIT?PANNEL
  +--> ?PR?I2C_GPIO_PHASE_GET_BIT?PANNEL

?PR?_I2C_GPIO_PHASE_SET_BIT?PANNEL          3DDBH    0002H
  +--> ?PR?SET_SDA_OUT?PANNEL
  +--> ?PR?SET_SCL_OUT?PANNEL
  +--> ?PR?SET_SCL_LO?PANNEL
  +--> ?PR?SET_SDA_HI?PANNEL
  +--> ?PR?SET_SDA_LO?PANNEL
  +--> ?PR?SET_SCL_HI?PANNEL
  +--> ?PR?ONENOP?PANNEL

?PR?I2C_GPIO_PHASE_GET_BIT?PANNEL           3DDBH    0002H
  +--> ?PR?SET_SDA_IN?PANNEL
  +--> ?PR?SET_SDA_HI?PANNEL
  +--> ?PR?ONENOP?PANNEL
  +--> ?PR?SET_SCL_HI?PANNEL
  +--> ?PR?GET_SDA?PANNEL
  +--> ?PR?SET_SCL_LO?PANNEL

?PR?I2C_GPIO_PHASE_STOP?PANNEL              -----    -----
  +--> ?PR?SET_SDA_OUT?PANNEL
  +--> ?PR?SET_SCL_OUT?PANNEL
  +--> ?PR?SET_SDA_LO?PANNEL
  +--> ?PR?SET_SCL_HI?PANNEL
  +--> ?PR?ONENOP?PANNEL
  +--> ?PR?GET_SCL?PANNEL
  +--> ?PR?SET_SDA_HI?PANNEL
  +--> ?PR?DELAY_2US?PANNEL
  +--> ?PR?GET_SDA?PANNEL

?PR?_SHOW_TIME?PANNEL                       3DBBH    0011H
  +--> ?CO?PANNEL
  +--> ?PR?_I2C_GPIO_WRITE?PANNEL

?PR?SHOW_OFF?PANNEL                         3DBBH    0004H
  +--> ?CO?PANNEL
  +--> ?PR?_I2C_GPIO_WRITE?PANNEL

?PR?PANNEL_SCAN?PANNEL                      3DB7H    0001H
  +--> ?PR?_I2C_GPIO_READ?PANNEL

?PR?_I2C_GPIO_READ?PANNEL                   3DB8H    0006H
BL51 BANKED LINKER/LOCATER V5.03                                                      10/27/2014  10:37:58  PAGE 7


  +--> ?PR?_I2C_GPIO_READ_NO_STOP?PANNEL
  +--> ?PR?I2C_GPIO_PHASE_STOP?PANNEL
  +--> ?PR?_DELAY_MS?PANNEL

?PR?_I2C_GPIO_READ_NO_STOP?PANNEL           3DBEH    0007H
  +--> ?PR?I2C_GPIO_PHASE_START?PANNEL
  +--> ?PR?_I2C_GPIO_PHASE_SET_BYTE?PANNEL
  +--> ?PR?I2C_GPIO_PHASE_STOP?PANNEL
  +--> ?PR?_DELAY_MS?PANNEL
  +--> ?PR?_I2C_GPIO_PHASE_GET_BYTE?PANNEL

?PR?_I2C_GPIO_PHASE_GET_BYTE?PANNEL         3DC5H    0004H
  +--> ?PR?I2C_GPIO_PHASE_GET_BIT?PANNEL
  +--> ?PR?_I2C_GPIO_PHASE_SET_BIT?PANNEL

?PR?HAL_MCU_GPIO_DISABLE_EN?SYS             -----    -----
  +--> ?PR?MCU_DISABLE_INT?SYS
  +--> ?PR?_HAL_GPIO_EN?SYS
  +--> ?PR?_HAL_GPIO1_EN?SYS

?PR?_RTC_PROCESS?SYS                        3DB4H    0006H
  +--> ?PR?MCU_DISABLE_INT?SYS
  +--> ?PR?_EXIT_STANDBY_STATUS?SYS
  +--> ?PR?_MAIN_CPU_GET_TIME?PMU_RTC
  +--> ?PR?HAL_MCU_GPIO_DISABLE_EN?SYS

?PR?_IR_PROCESS?SYS                         3DB4H    0003H
  +--> ?PR?GET_IR?IR
  +--> ?PR?_EXIT_STANDBY_STATUS?SYS
  +--> ?PR?_MAIN_CPU_GET_TIME?PMU_RTC
  +--> ?PR?HAL_MCU_GPIO_DISABLE_EN?SYS

?C_INITSEG                                  -----    -----
  +--> ?CO?IR

*** NEW ROOT ***************************************************

?PR?EXTERN_INT1?PMU_RTC                     -----    -----
  +--> ?PR?_UPDATE_CURRENT_TIME?PMU_RTC

?PR?_UPDATE_CURRENT_TIME?PMU_RTC            3DDDH    0003H
  +--> ?PR?_IS_LEAP_YEAR?PMU_RTC

?PR?_IS_LEAP_YEAR?PMU_RTC                   3DE0H    0003H

*** NEW ROOT ***************************************************

?PR?EXTERN_INT0?SYS                         3DE3H    0001H
  +--> ?PR?IR_ISR?IR

?PR?IR_ISR?IR                               3DE4H    0003H
  +--> ?PR?IR_GENERATECODE?IR

?PR?IR_GENERATECODE?IR                      3DE7H    0015H
  +--> ?PR?_IRC_PULSE_TO_CODE?IR

?PR?_IRC_PULSE_TO_CODE?IR                   3DFCH    000DH
BL51 BANKED LINKER/LOCATER V5.03                                                      10/27/2014  10:37:58  PAGE 8


  +--> ?PR?_IRC_DECODE?IR

?PR?_IRC_DECODE?IR                          3E09H    003AH
  +--> ?PR?_REVERSE_CODE_BIT?IR
  +--> ?PR?_REVERSE_CODE_BYTE?IR

?PR?_REVERSE_CODE_BIT?IR                    3E43H    002AH
  +--> ?CO?IR

?PR?_REVERSE_CODE_BYTE?IR                   3E43H    0027H
  +--> ?CO?IR



SYMBOL TABLE OF MODULE:  PDK_PMU_MCU (?C_STARTUP)

  VALUE           TYPE          NAME
  ----------------------------------

  -------         MODULE        ?C_STARTUP
  C:2803H         SEGMENT       ?C_C51STARTUP
  I:0008H         SEGMENT       ?STACK
  C:0000H         PUBLIC        ?C_STARTUP
  D:00E0H         SYMBOL        ACC
  D:00F0H         SYMBOL        B
  D:0083H         SYMBOL        DPH
  D:0082H         SYMBOL        DPL
  N:0000H         SYMBOL        IBPSTACK
  N:0100H         SYMBOL        IBPSTACKTOP
  N:0080H         SYMBOL        IDATALEN
  C:2806H         SYMBOL        IDATALOOP
  N:0000H         SYMBOL        PBPSTACK
  N:0000H         SYMBOL        PBPSTACKTOP
  N:0000H         SYMBOL        PDATALEN
  N:0000H         SYMBOL        PDATASTART
  N:0000H         SYMBOL        PPAGE
  N:0000H         SYMBOL        PPAGEENABLE
  D:00A0H         SYMBOL        PPAGE_SFR
  D:0081H         SYMBOL        SP
  C:2803H         SYMBOL        STARTUP1
  N:0000H         SYMBOL        XBPSTACK
  N:0000H         SYMBOL        XBPSTACKTOP
  N:0000H         SYMBOL        XDATALEN
  N:0000H         SYMBOL        XDATASTART
  C:0000H         LINE#         92
  C:2803H         LINE#         99
  C:2805H         LINE#         100
  C:2806H         LINE#         101
  C:2807H         LINE#         102
  C:2809H         LINE#         151
  C:280CH         LINE#         155
  -------         ENDMOD        ?C_STARTUP

  -------         MODULE        IR
  C:0000H         SYMBOL        _ICE_DUMMY_
  X:3802H         PUBLIC        irc_decoders_lab
  C:1F22H         SYMBOL        _reverse_code_bit
BL51 BANKED LINKER/LOCATER V5.03                                                      10/27/2014  10:37:58  PAGE 9


  D:0080H         PUBLIC        P0
  D:0090H         PUBLIC        P1
  D:00A0H         PUBLIC        P2
  D:00B0H         PUBLIC        P3
  X:382AH         PUBLIC        irc_decoders_nec
  X:3852H         SYMBOL        ir_attr_lab
  X:388DH         SYMBOL        ir_kf
  D:00A8H         PUBLIC        IE
  X:38BFH         SYMBOL        ir_attr_nec
  C:2DD1H         PUBLIC        IR_Init
  X:38FAH         PUBLIC        irc_decoders_nse
  X:3922H         PUBLIC        irc_decoders_src
  D:00B8H         PUBLIC        IP
  X:394AH         SYMBOL        ir_rc5_x
  X:3957H         PUBLIC        g_ir_flag
  X:3958H         PUBLIC        irc_decoders_kf
  X:3980H         SYMBOL        ir_attr_nse
  X:39BBH         SYMBOL        ir_attr_src
  C:1CF3H         PUBLIC        IR_GenerateCode
  X:39F6H         SYMBOL        ir_attr_kf
  D:0088H         PUBLIC        TCON
  X:3A31H         PUBLIC        ir_buffer
  X:3B31H         SYMBOL        ir_50560
  X:3B45H         SYMBOL        ir_attr_rc5_x
  C:2A88H         SYMBOL        _?ix1000
  C:2A98H         SYMBOL        _?ix1001
  C:2AA8H         SYMBOL        _?ix1002
  C:2AB8H         SYMBOL        _?ix1003
  X:3B80H         SYMBOL        ir_rc5
  X:3B8FH         PUBLIC        irc_decoders_rx5_x
  X:3BB7H         SYMBOL        ir_logic
  B:00A8H.0       PUBLIC        EX0
  X:3BC5H         PUBLIC        irc_decoders_50560
  D:00E8H         PUBLIC        EIE
  X:3BEDH         PUBLIC        bufferin
  X:3BEEH         PUBLIC        bufferout
  X:3BEFH         SYMBOL        ir_nec_repeat
  X:3BF1H         PUBLIC        irc_decoders_rc5
  X:3C19H         SYMBOL        ir_attr_50560
  D:00F8H         PUBLIC        EIP
  X:3C54H         PUBLIC        irc_decoders_logic
  X:3C7CH         SYMBOL        ir_nec_normal
  D:0098H         PUBLIC        SCON0
  X:3C9EH         SYMBOL        ir_attr_rc5
  D:00C0H         PUBLIC        SCON1
  C:0056H         SYMBOL        _irc_decode
  D:00C8H         PUBLIC        T2CON
  X:3CD9H         SYMBOL        ir_nse_repeat
  C:26D6H         PUBLIC        IR_ISR
  X:3CDBH         SYMBOL        ir_attr_logic
  X:3D16H         SYMBOL        ir_lab
  X:3D22H         SYMBOL        irc_decoders
  C:261FH         PUBLIC        _irc_pulse_to_code
  X:3D3DH         SYMBOL        ir_nse_normal
  X:3D68H         PUBLIC        key_cnt
  X:3D69H         SYMBOL        ir_src_normal
  C:1AB1H         SYMBOL        _reverse_code_byte
BL51 BANKED LINKER/LOCATER V5.03                                                      10/27/2014  10:37:58  PAGE 10


  D:00D0H         PUBLIC        PSW
  X:3D94H         SYMBOL        irp_strs
  X:3DAFH         PUBLIC        g_set_ir_key
  D:00D8H         PUBLIC        WDCON
  C:0006H         PUBLIC        get_ir
  -------         PROC          _REVERSE_CODE_BIT
  X:3E43H         SYMBOL        ir_code
  X:3E46H         SYMBOL        bit_cnt
  -------         DO            
  X:3E4AH         SYMBOL        i
  X:3E4BH         SYMBOL        src_code
  X:3E5BH         SYMBOL        dst_code
  -------         DO            
  X:3E6BH         SYMBOL        i
  X:3E6BH         SYMBOL        i
  -------         ENDDO         
  -------         DO            
  X:3E6BH         SYMBOL        i
  -------         ENDDO         
  -------         ENDDO         
  C:1F22H         LINE#         587
  C:1F31H         LINE#         588
  C:1F31H         LINE#         590
  C:1F44H         LINE#         591
  C:1F57H         LINE#         593
  C:1F9FH         LINE#         594
  C:1FC4H         LINE#         595
  C:1FC4H         LINE#         596
  C:2004H         LINE#         597
  C:2004H         LINE#         598
  C:20C4H         LINE#         599
  C:20C4H         LINE#         600
  C:20CDH         LINE#         602
  C:2114H         LINE#         603
  -------         ENDPROC       _REVERSE_CODE_BIT
  -------         PROC          _REVERSE_CODE_BYTE
  X:3E43H         SYMBOL        ir_code
  X:3E46H         SYMBOL        bit_cnt
  -------         DO            
  D:0007H         SYMBOL        i
  X:3E47H         SYMBOL        src_code
  X:3E57H         SYMBOL        dst_code
  X:3E67H         SYMBOL        byte_cnt
  -------         DO            
  X:3E68H         SYMBOL        i
  X:3E68H         SYMBOL        i
  X:3E68H         SYMBOL        i
  -------         ENDDO         
  -------         DO            
  X:3E68H         SYMBOL        i
  X:3E68H         SYMBOL        i
  -------         ENDDO         
  -------         DO            
  X:3E68H         SYMBOL        i
  -------         ENDDO         
  -------         ENDDO         
  C:1AB1H         LINE#         605
BL51 BANKED LINKER/LOCATER V5.03                                                      10/27/2014  10:37:58  PAGE 11


  C:1ABFH         LINE#         606
  C:1ABFH         LINE#         608
  C:1AD2H         LINE#         609
  C:1AE5H         LINE#         610
  C:1AF4H         LINE#         618
  C:1B3AH         LINE#         620
  C:1B42H         LINE#         621
  C:1B4AH         LINE#         622
  C:1B52H         LINE#         623
  C:1B5AH         LINE#         625
  C:1B62H         LINE#         626
  C:1B6AH         LINE#         627
  C:1B72H         LINE#         628
  C:1B7AH         LINE#         630
  C:1B82H         LINE#         631
  C:1B8AH         LINE#         632
  C:1B92H         LINE#         633
  C:1B9AH         LINE#         635
  C:1BA2H         LINE#         636
  C:1BAAH         LINE#         637
  C:1BB2H         LINE#         638
  C:1BBAH         LINE#         641
  C:1BFAH         LINE#         642
  C:1C06H         LINE#         643
  C:1C06H         LINE#         644
  C:1C28H         LINE#         645
  C:1C2BH         LINE#         647
  C:1C33H         LINE#         648
  C:1C3BH         LINE#         649
  C:1C43H         LINE#         650
  C:1C4BH         LINE#         652
  C:1C53H         LINE#         653
  C:1C5BH         LINE#         654
  C:1C63H         LINE#         655
  C:1C6BH         LINE#         657
  C:1C73H         LINE#         658
  C:1C7BH         LINE#         659
  C:1C83H         LINE#         660
  C:1C8BH         LINE#         662
  C:1C93H         LINE#         663
  C:1C9BH         LINE#         664
  C:1CA3H         LINE#         665
  C:1CABH         LINE#         667
  C:1CF2H         LINE#         668
  -------         ENDPROC       _REVERSE_CODE_BYTE
  -------         PROC          _IRC_DECODE
  X:3E09H         SYMBOL        ird
  X:3E0CH         SYMBOL        pulse_width
  X:3E10H         SYMBOL        pulse_polarity
  -------         DO            
  X:3E14H         SYMBOL        accum_pulse_width
  X:3E18H         SYMBOL        result
  X:3E19H         SYMBOL        step
  X:3E1AH         SYMBOL        next_step
  X:3E1BH         SYMBOL        last_key
  D:0006H         SYMBOL        step_temp
  X:3E1FH         SYMBOL        accum_pulse
BL51 BANKED LINKER/LOCATER V5.03                                                      10/27/2014  10:37:58  PAGE 12


  X:3E23H         SYMBOL        tolerance_pulse
  X:3E27H         SYMBOL        same_polarity
  X:3E2BH         SYMBOL        accum_pulse_1
  X:3E2FH         SYMBOL        tolerance_pulse_1
  X:3E33H         SYMBOL        same_polarity_1
  X:3E37H         SYMBOL        temp_long
  -------         DO            
  X:3E3BH         SYMBOL        half_pol
  X:3E3FH         SYMBOL        half_width
  -------         ENDDO         
  -------         DO            
  X:3E3BH         SYMBOL        i
  X:3E3BH         SYMBOL        i
  -------         ENDDO         
  -------         DO            
  X:3E3BH         SYMBOL        i
  -------         ENDDO         
  -------         DO            
  X:3E3BH         SYMBOL        i
  X:3E3BH         SYMBOL        i
  X:3E3CH         SYMBOL        i
  X:3E3CH         SYMBOL        i
  -------         ENDDO         
  -------         DO            
  X:3E3BH         SYMBOL        i
  X:3E3CH         SYMBOL        i
  X:3E3CH         SYMBOL        i
  -------         ENDDO         
  -------         DO            
  X:3E3BH         SYMBOL        step
  -------         DO            
  X:3E3CH         SYMBOL        i
  X:3E3CH         SYMBOL        i
  -------         ENDDO         
  -------         DO            
  X:3E3CH         SYMBOL        i
  -------         ENDDO         
  -------         ENDDO         
  -------         DO            
  X:3E3BH         SYMBOL        i
  -------         ENDDO         
  -------         ENDDO         
  C:0056H         LINE#         683
  C:0067H         LINE#         684
  C:0067H         LINE#         685
  C:0071H         LINE#         686
  C:0077H         LINE#         697
  C:0081H         LINE#         700
  C:00A3H         LINE#         701
  C:00A3H         LINE#         702
  C:00B5H         LINE#         703
  C:00B8H         LINE#         704
  C:00B8H         LINE#         706
  C:00CEH         LINE#         707
  C:00CEH         LINE#         708
  C:00D9H         LINE#         709
  C:00D9H         LINE#         712
BL51 BANKED LINKER/LOCATER V5.03                                                      10/27/2014  10:37:58  PAGE 13


  C:00EAH         LINE#         713
  C:00EAH         LINE#         714
  C:00F8H         LINE#         715
  C:00F8H         LINE#         716
  C:00FAH         LINE#         718
  C:00FAH         LINE#         719
  C:011DH         LINE#         720
  C:012CH         LINE#         721
  C:012CH         LINE#         724
  C:015CH         LINE#         725
  C:015CH         LINE#         730
  C:015FH         LINE#         731
  C:015FH         LINE#         733
  C:01ECH         LINE#         734
  C:01ECH         LINE#         739
  C:01EFH         LINE#         740
  C:01EFH         LINE#         742
  C:01EFH         LINE#         743
  C:0202H         LINE#         744
  C:0212H         LINE#         746
  C:023CH         LINE#         747
  C:023CH         LINE#         748
  C:024EH         LINE#         749
  C:0257H         LINE#         750
  C:025FH         LINE#         751
  C:025FH         LINE#         752
  C:0262H         LINE#         753
  C:0262H         LINE#         755
  C:0262H         LINE#         756
  C:0296H         LINE#         757
  C:02AAH         LINE#         758
  C:02B1H         LINE#         761
  C:02C2H         LINE#         762
  C:02C2H         LINE#         763
  C:0301H         LINE#         764
  C:0323H         LINE#         765
  C:0329H         LINE#         766
  C:0329H         LINE#         767
  C:032FH         LINE#         768
  C:032FH         LINE#         770
  C:0372H         LINE#         771
  C:0384H         LINE#         772
  C:03D7H         LINE#         774
  C:03EFH         LINE#         775
  C:03EFH         LINE#         776
  C:044AH         LINE#         777
  C:04A5H         LINE#         778
  C:04A5H         LINE#         780
  C:04E5H         LINE#         781
  C:04E5H         LINE#         782
  C:051AH         LINE#         783
  C:052CH         LINE#         784
  C:057FH         LINE#         786
  C:0597H         LINE#         787
  C:0597H         LINE#         788
  C:05E4H         LINE#         789
  C:0631H         LINE#         790
BL51 BANKED LINKER/LOCATER V5.03                                                      10/27/2014  10:37:58  PAGE 14


  C:0631H         LINE#         791
  C:070DH         LINE#         793
  C:070DH         LINE#         794
  C:0713H         LINE#         795
  C:0716H         LINE#         796
  C:07F5H         LINE#         798
  C:07F5H         LINE#         799
  C:07FBH         LINE#         800
  C:07FEH         LINE#         802
  C:07FEH         LINE#         803
  C:07FEH         LINE#         804
  C:07FEH         LINE#         805
  C:0801H         LINE#         807
  C:0801H         LINE#         808
  C:0875H         LINE#         809
  C:0875H         LINE#         810
  C:0890H         LINE#         811
  C:0890H         LINE#         812
  C:0890H         LINE#         813
  C:0892H         LINE#         814
  C:08A6H         LINE#         815
  C:08A6H         LINE#         816
  C:08ABH         LINE#         817
  C:08ADH         LINE#         819
  C:08ADH         LINE#         820
  C:08ADH         LINE#         821
  C:08ADH         LINE#         822
  C:08AFH         LINE#         824
  C:08AFH         LINE#         825
  C:08B5H         LINE#         826
  C:08B5H         LINE#         827
  C:08B5H         LINE#         829
  C:08C8H         LINE#         832
  C:08C8H         LINE#         833
  C:08DBH         LINE#         834
  C:08EBH         LINE#         836
  C:08EBH         LINE#         838
  C:08F6H         LINE#         839
  C:08F6H         LINE#         840
  C:0981H         LINE#         841
  C:0981H         LINE#         843
  C:0994H         LINE#         844
  C:0994H         LINE#         846
  C:0A4AH         LINE#         847
  C:0A4AH         LINE#         848
  C:0A5DH         LINE#         849
  C:0A8EH         LINE#         850
  C:0A8EH         LINE#         853
  C:0ACEH         LINE#         854
  C:0ACEH         LINE#         855
  C:0AD8H         LINE#         856
  C:0AEFH         LINE#         857
  C:0AEFH         LINE#         858
  C:0B1EH         LINE#         859
  C:0B1EH         LINE#         860
  C:0B38H         LINE#         861
  C:0B38H         LINE#         862
BL51 BANKED LINKER/LOCATER V5.03                                                      10/27/2014  10:37:58  PAGE 15


  C:0B63H         LINE#         863
  C:0B63H         LINE#         865
  C:0B75H         LINE#         866
  C:0B7CH         LINE#         867
  C:0B88H         LINE#         868
  C:0BE2H         LINE#         869
  C:0C25H         LINE#         871
  C:0C63H         LINE#         872
  C:0C63H         LINE#         873
  C:0C68H         LINE#         874
  C:0C68H         LINE#         876
  C:0C76H         LINE#         877
  C:0C76H         LINE#         878
  C:0C79H         LINE#         879
  C:0C79H         LINE#         880
  C:0C84H         LINE#         881
  C:0C84H         LINE#         887
  C:0C98H         LINE#         888
  C:0C9FH         LINE#         889
  C:0CA6H         LINE#         890
  C:0CE9H         LINE#         891
  C:0D06H         LINE#         892
  C:0D06H         LINE#         893
  C:0D09H         LINE#         894
  C:0D09H         LINE#         895
  C:0D09H         LINE#         897
  C:0D09H         LINE#         898
  C:0D1BH         LINE#         899
  C:0D22H         LINE#         900
  C:0D65H         LINE#         901
  C:0D68H         LINE#         902
  C:0D68H         LINE#         903
  C:0D68H         LINE#         906
  C:0D96H         LINE#         907
  C:0D96H         LINE#         908
  C:0DD4H         LINE#         909
  C:0E91H         LINE#         910
  C:0E91H         LINE#         911
  C:0E96H         LINE#         912
  C:0E98H         LINE#         914
  C:0E98H         LINE#         915
  C:0E9EH         LINE#         916
  C:0E9EH         LINE#         918
  C:0EA4H         LINE#         919
  C:0EA4H         LINE#         920
  C:0EB7H         LINE#         921
  C:0EE8H         LINE#         922
  C:0EE8H         LINE#         923
  C:0EFAH         LINE#         924
  C:0F01H         LINE#         925
  C:0F07H         LINE#         926
  C:0F07H         LINE#         927
  C:0F0AH         LINE#         928
  C:0F0AH         LINE#         929
  C:0F12H         LINE#         930
  C:0F12H         LINE#         931
  C:0F24H         LINE#         932
BL51 BANKED LINKER/LOCATER V5.03                                                      10/27/2014  10:37:58  PAGE 16


  C:0F2BH         LINE#         933
  C:0F6EH         LINE#         934
  C:0F71H         LINE#         935
  C:0F71H         LINE#         937
  C:0F71H         LINE#         938
  C:0F83H         LINE#         939
  C:0F8AH         LINE#         940
  C:0FCDH         LINE#         941
  C:0FD0H         LINE#         942
  C:0FD0H         LINE#         943
  C:0FD0H         LINE#         945
  C:0FD0H         LINE#         946
  C:0FFDH         LINE#         947
  C:0FFDH         LINE#         948
  C:1016H         LINE#         949
  C:1018H         LINE#         951
  C:1018H         LINE#         952
  C:102CH         LINE#         953
  C:102CH         LINE#         955
  C:103EH         LINE#         956
  C:1045H         LINE#         957
  C:1088H         LINE#         958
  C:108EH         LINE#         959
  C:108EH         LINE#         960
  C:108EH         LINE#         961
  -------         ENDPROC       _IRC_DECODE
  -------         PROC          _IRC_PULSE_TO_CODE
  X:3DFCH         SYMBOL        pulse_width
  X:3E00H         SYMBOL        pulse_polarity
  -------         DO            
  X:3E04H         SYMBOL        i
  X:3E05H         SYMBOL        key_code
  -------         ENDDO         
  C:261FH         LINE#         977
  C:2625H         LINE#         978
  C:2625H         LINE#         980
  C:262FH         LINE#         982
  C:2641H         LINE#         983
  C:2641H         LINE#         984
  C:2682H         LINE#         985
  C:26B0H         LINE#         986
  C:26B0H         LINE#         987
  C:26BFH         LINE#         988
  C:26BFH         LINE#         989
  C:26C8H         LINE#         991
  C:26CFH         LINE#         992
  C:26CFH         LINE#         993
  C:26D5H         LINE#         994
  C:26D5H         LINE#         995
  -------         ENDPROC       _IRC_PULSE_TO_CODE
  -------         PROC          IR_GENERATECODE
  -------         DO            
  X:3DE7H         SYMBOL        cur_code
  X:3DEBH         SYMBOL        pulse_width
  X:3DEFH         SYMBOL        pulse_polarity
  X:3DF0H         SYMBOL        rlc_data
  X:3DF1H         SYMBOL        sub_code
BL51 BANKED LINKER/LOCATER V5.03                                                      10/27/2014  10:37:58  PAGE 17


  X:3DF5H         SYMBOL        reg
  X:3800H         SYMBOL        i
  X:3DF6H         SYMBOL        ird
  X:3DF9H         SYMBOL        test_ir
  -------         DO            
  X:3DFAH         SYMBOL        i
  -------         ENDDO         
  -------         ENDDO         
  C:1CF3H         LINE#         1006
  C:1CF3H         LINE#         1007
  C:1CF3H         LINE#         1012
  C:1CF8H         LINE#         1015
  C:1CFCH         LINE#         1017
  C:1D15H         LINE#         1018
  C:1D15H         LINE#         1019
  C:1D3BH         LINE#         1020
  C:1D42H         LINE#         1021
  C:1D49H         LINE#         1022
  C:1D50H         LINE#         1023
  C:1D93H         LINE#         1024
  C:1DA4H         LINE#         1026
  C:1DB3H         LINE#         1027
  C:1DB3H         LINE#         1028
  C:1DC2H         LINE#         1034
  C:1DF1H         LINE#         1035
  C:1E02H         LINE#         1036
  C:1E08H         LINE#         1037
  C:1E0CH         LINE#         1038
  C:1E0CH         LINE#         1039
  C:1E0EH         LINE#         1040
  C:1E0EH         LINE#         1043
  C:1E2DH         LINE#         1044
  C:1E2DH         LINE#         1045
  C:1E2DH         LINE#         1046
  C:1E2DH         LINE#         1049
  C:1E62H         LINE#         1050
  C:1E62H         LINE#         1052
  C:1E75H         LINE#         1053
  C:1E86H         LINE#         1054
  C:1E9EH         LINE#         1055
  C:1EB6H         LINE#         1059
  C:1ECDH         LINE#         1060
  C:1ECDH         LINE#         1061
  C:1EFFH         LINE#         1062
  C:1EFFH         LINE#         1063
  C:1F04H         LINE#         1065
  C:1F04H         LINE#         1066
  C:1F14H         LINE#         1067
  C:1F14H         LINE#         1068
  C:1F1EH         LINE#         1069
  C:1F21H         LINE#         1070
  -------         ENDPROC       IR_GENERATECODE
  -------         PROC          IR_ISR
  -------         DO            
  X:3DE4H         SYMBOL        status
  X:3DE5H         SYMBOL        num
  X:3DE6H         SYMBOL        num1
BL51 BANKED LINKER/LOCATER V5.03                                                      10/27/2014  10:37:58  PAGE 18


  -------         ENDDO         
  C:26D6H         LINE#         1081
  C:26D6H         LINE#         1082
  C:26D6H         LINE#         1085
  C:26E5H         LINE#         1086
  C:26E5H         LINE#         1087
  C:26EAH         LINE#         1088
  C:26F5H         LINE#         1089
  C:26F5H         LINE#         1090
  C:26F5H         LINE#         1091
  C:26F5H         LINE#         1093
  C:26F5H         LINE#         1094
  C:2701H         LINE#         1095
  C:270AH         LINE#         1096
  C:270AH         LINE#         1098
  C:2722H         LINE#         1099
  C:2729H         LINE#         1100
  C:2729H         LINE#         1101
  C:272BH         LINE#         1102
  C:272BH         LINE#         1104
  C:2731H         LINE#         1105
  C:2733H         LINE#         1106
  C:273CH         LINE#         1107
  C:273CH         LINE#         1108
  C:273CH         LINE#         1109
  C:273CH         LINE#         1110
  C:273CH         LINE#         1112
  C:2744H         LINE#         1113
  C:2744H         LINE#         1115
  C:2747H         LINE#         1116
  C:2751H         LINE#         1117
  C:275AH         LINE#         1118
  C:275AH         LINE#         1119
  C:275EH         LINE#         1120
  C:2764H         LINE#         1121
  C:2766H         LINE#         1122
  C:276BH         LINE#         1123
  C:276DH         LINE#         1124
  C:276DH         LINE#         1125
  C:2770H         LINE#         1129
  -------         ENDPROC       IR_ISR
  -------         PROC          IR_INIT
  -------         DO            
  D:0007H         SYMBOL        reg
  -------         ENDDO         
  C:2DD1H         LINE#         1140
  C:2DD1H         LINE#         1141
  C:2DD1H         LINE#         1145
  C:2DD5H         LINE#         1146
  C:2DD7H         LINE#         1147
  C:2DD8H         LINE#         1148
  C:2DDAH         LINE#         1149
  C:2DDBH         LINE#         1151
  C:2DE0H         LINE#         1157
  C:2DE2H         LINE#         1160
  C:2DE4H         LINE#         1163
  C:2DE8H         LINE#         1169
BL51 BANKED LINKER/LOCATER V5.03                                                      10/27/2014  10:37:58  PAGE 19


  C:2DEAH         LINE#         1171
  C:2DEDH         LINE#         1181
  C:2DEFH         LINE#         1183
  C:2DF2H         LINE#         1189
  C:2DF8H         LINE#         1192
  C:2DFCH         LINE#         1195
  C:2E00H         LINE#         1196
  C:2E02H         LINE#         1197
  C:2E03H         LINE#         1199
  C:2E05H         LINE#         1200
  C:2E07H         LINE#         1202
  C:2E08H         LINE#         1204
  C:2E0AH         LINE#         1205
  -------         ENDPROC       IR_INIT
  -------         PROC          GET_IR
  C:0006H         LINE#         1207
  C:0006H         LINE#         1208
  C:0006H         LINE#         1209
  C:000DH         LINE#         1210
  C:000DH         LINE#         1211
  C:0010H         LINE#         1212
  C:0010H         LINE#         1214
  C:0010H         LINE#         1215
  C:0012H         LINE#         1216
  C:0012H         LINE#         1217
  -------         ENDPROC       GET_IR
  -------         ENDMOD        IR

  -------         MODULE        MAIN
  C:0000H         SYMBOL        _ICE_DUMMY_
  D:0080H         PUBLIC        P0
  D:0090H         PUBLIC        P1
  D:00A0H         PUBLIC        P2
  D:00B0H         PUBLIC        P3
  X:3E8BH         PUBLIC        power_key_press_last
  D:00A8H         PUBLIC        IE
  D:00B8H         PUBLIC        IP
  C:29F4H         PUBLIC        _power_key_process
  C:2CC8H         PUBLIC        main
  D:0088H         PUBLIC        TCON
  D:00E8H         PUBLIC        EIE
  D:00F8H         PUBLIC        EIP
  D:0098H         PUBLIC        SCON0
  D:00C0H         PUBLIC        SCON1
  D:00C8H         PUBLIC        T2CON
  X:3E8CH         PUBLIC        power_key_press_first
  X:3E8DH         PUBLIC        power_key_press_count
  D:00D0H         PUBLIC        PSW
  D:00D8H         PUBLIC        WDCON
  -------         PROC          _POWER_KEY_PROCESS
  D:0001H         SYMBOL        rtc
  -------         DO            
  D:0007H         SYMBOL        gpio_in_status_reg
  D:0007H         SYMBOL        power_key_press
  -------         ENDDO         
  C:29F4H         LINE#         18
  C:29F4H         LINE#         19
BL51 BANKED LINKER/LOCATER V5.03                                                      10/27/2014  10:37:58  PAGE 20


  C:29F4H         LINE#         23
  C:29FBH         LINE#         24
  C:2A02H         LINE#         26
  C:2A06H         LINE#         28
  C:2A0CH         LINE#         30
  C:2A13H         LINE#         31
  C:2A13H         LINE#         33
  C:2A15H         LINE#         34
  C:2A1AH         LINE#         35
  C:2A1CH         LINE#         37
  C:2A1CH         LINE#         39
  C:2A22H         LINE#         40
  C:2A22H         LINE#         41
  C:2A2BH         LINE#         42
  C:2A2BH         LINE#         43
  C:2A33H         LINE#         44
  C:2A33H         LINE#         45
  C:2A39H         LINE#         46
  C:2A3AH         LINE#         47
  C:2A3EH         LINE#         48
  C:2A3EH         LINE#         49
  C:2A45H         LINE#         50
  C:2A48H         LINE#         51
  C:2A4BH         LINE#         53
  C:2A4EH         LINE#         54
  C:2A57H         LINE#         55
  C:2A5CH         LINE#         56
  C:2A5EH         LINE#         57
  C:2A5EH         LINE#         58
  C:2A5EH         LINE#         60
  -------         ENDPROC       _POWER_KEY_PROCESS
  -------         PROC          MAIN
  -------         DO            
  X:3DB3H         SYMBOL        show_type
  -------         ENDDO         
  C:2CC8H         LINE#         62
  C:2CC8H         LINE#         63
  C:2CC8H         LINE#         66
  C:2CCBH         LINE#         69
  C:2CD2H         LINE#         71
  C:2CD7H         LINE#         72
  C:2CDAH         LINE#         75
  C:2CE2H         LINE#         77
  C:2CE2H         LINE#         78
  C:2CE2H         LINE#         81
  C:2CF0H         LINE#         82
  C:2D07H         LINE#         83
  C:2D10H         LINE#         84
  -------         ENDPROC       MAIN
  -------         ENDMOD        MAIN

  -------         MODULE        PANNEL
  C:0000H         SYMBOL        _ICE_DUMMY_
  C:306EH         PUBLIC        _i2c_gpio_write
  D:0080H         PUBLIC        P0
  D:0090H         PUBLIC        P1
  D:00A0H         PUBLIC        P2
BL51 BANKED LINKER/LOCATER V5.03                                                      10/27/2014  10:37:58  PAGE 21


  D:00B0H         PUBLIC        P3
  C:2FDFH         PUBLIC        _show_pannel
  C:2E0BH         PUBLIC        pannel_scan
  C:3203H         PUBLIC        delay_2us
  D:00A8H         PUBLIC        IE
  C:2EEDH         SYMBOL        i2c_gpio_phase_start
  C:30ADH         PUBLIC        pannel_init
  D:00B8H         PUBLIC        IP
  C:3290H         SYMBOL        set_sda_hi
  C:2D56H         SYMBOL        _i2c_gpio_phase_get_byte
  C:322CH         SYMBOL        set_sda_in
  C:3219H         SYMBOL        set_sda_out
  C:3246H         SYMBOL        set_scl_hi
  C:31EDH         SYMBOL        set_sda_lo
  C:3223H         SYMBOL        set_scl_in
  C:2F23H         SYMBOL        _i2c_gpio_phase_set_byte
  C:31F8H         SYMBOL        set_scl_out
  C:31E1H         SYMBOL        set_scl_lo
  C:2FB2H         SYMBOL        i2c_gpio_phase_stop
  C:310FH         SYMBOL        _delay_ms
  C:23AAH         SYMBOL        _show_time
  C:300CH         SYMBOL        _i2c_gpio_phase_set_bit
  D:0088H         PUBLIC        TCON
  C:2BD3H         SYMBOL        show_bank
  C:319BH         SYMBOL        _?ix1000
  C:319FH         SYMBOL        _?ix1001
  C:31A3H         SYMBOL        _?ix1002
  C:3038H         SYMBOL        i2c_gpio_phase_get_bit
  C:2F54H         PUBLIC        OneNop
  D:00E8H         PUBLIC        EIE
  C:2567H         SYMBOL        _i2c_gpio_read_no_stop
  C:323CH         SYMBOL        get_sda
  D:00F8H         PUBLIC        EIP
  C:2B80H         SYMBOL        show_off
  D:0098H         PUBLIC        SCON0
  C:3234H         SYMBOL        get_scl
  D:00C0H         PUBLIC        SCON1
  C:288FH         SYMBOL        _i2c_gpio_write_no_stop
  D:00C8H         PUBLIC        T2CON
  C:30CFH         SYMBOL        _i2c_gpio_read
  C:30F0H         SYMBOL        _delay
  D:00D0H         PUBLIC        PSW
  D:00D8H         PUBLIC        WDCON
  -------         PROC          SET_SDA_OUT
  C:3219H         LINE#         47
  C:3219H         LINE#         48
  C:3219H         LINE#         49
  -------         ENDPROC       SET_SDA_OUT
  -------         PROC          SET_SDA_IN
  C:322CH         LINE#         52
  C:322CH         LINE#         53
  C:322CH         LINE#         54
  -------         ENDPROC       SET_SDA_IN
  -------         PROC          SET_SDA_HI
  C:3290H         LINE#         58
  C:3290H         LINE#         59
  C:3290H         LINE#         60
BL51 BANKED LINKER/LOCATER V5.03                                                      10/27/2014  10:37:58  PAGE 22


  -------         ENDPROC       SET_SDA_HI
  -------         PROC          SET_SDA_LO
  C:31EDH         LINE#         63
  C:31EDH         LINE#         64
  C:31EDH         LINE#         65
  C:31F0H         LINE#         66
  -------         ENDPROC       SET_SDA_LO
  -------         PROC          SET_SCL_OUT
  C:31F8H         LINE#         80
  C:31F8H         LINE#         81
  C:31F8H         LINE#         82
  -------         ENDPROC       SET_SCL_OUT
  -------         PROC          SET_SCL_IN
  C:3223H         LINE#         85
  C:3223H         LINE#         86
  C:3223H         LINE#         87
  -------         ENDPROC       SET_SCL_IN
  -------         PROC          L?0089
  -------         ENDPROC       L?0089
  -------         PROC          SET_SCL_HI
  C:3246H         LINE#         91
  C:3246H         LINE#         92
  C:3246H         LINE#         93
  -------         ENDPROC       SET_SCL_HI
  -------         PROC          SET_SCL_LO
  C:31E1H         LINE#         96
  C:31E1H         LINE#         97
  C:31E1H         LINE#         98
  C:31E4H         LINE#         99
  -------         ENDPROC       SET_SCL_LO
  -------         PROC          GET_SCL
  -------         DO            
  D:0007H         SYMBOL        ret
  -------         ENDDO         
  C:3234H         LINE#         113
  C:3234H         LINE#         114
  C:3234H         LINE#         115
  C:3235H         LINE#         117
  C:323BH         LINE#         118
  C:323BH         LINE#         119
  -------         ENDPROC       GET_SCL
  -------         PROC          GET_SDA
  -------         DO            
  D:0007H         SYMBOL        ret
  -------         ENDDO         
  C:323CH         LINE#         121
  C:323CH         LINE#         122
  C:323CH         LINE#         123
  C:323EH         LINE#         125
  C:3242H         LINE#         126
  C:3242H         LINE#         127
  -------         ENDPROC       GET_SDA
  -------         PROC          ONENOP
  C:2F54H         LINE#         129
  C:2F54H         LINE#         130
  C:2F54H         LINE#         131
  C:2F59H         LINE#         132
BL51 BANKED LINKER/LOCATER V5.03                                                      10/27/2014  10:37:58  PAGE 23


  C:2F5EH         LINE#         133
  C:2F63H         LINE#         134
  C:2F68H         LINE#         135
  C:2F6DH         LINE#         136
  C:2F72H         LINE#         137
  C:2F74H         LINE#         138
  C:2F79H         LINE#         139
  C:2F7EH         LINE#         140
  C:2F83H         LINE#         141
  -------         ENDPROC       ONENOP
  -------         PROC          DELAY_2US
  C:3203H         LINE#         143
  C:3203H         LINE#         144
  C:3203H         LINE#         145
  C:3208H         LINE#         146
  C:320DH         LINE#         148
  -------         ENDPROC       DELAY_2US
  -------         PROC          _DELAY_MS
  D:0007H         SYMBOL        ms
  -------         DO            
  D:0004H         SYMBOL        i
  -------         ENDDO         
  C:310FH         LINE#         150
  C:310FH         LINE#         151
  C:310FH         LINE#         152
  C:310FH         LINE#         153
  C:3115H         LINE#         154
  C:3115H         LINE#         155
  C:3129H         LINE#         156
  C:3129H         LINE#         157
  -------         ENDPROC       _DELAY_MS
  -------         PROC          _DELAY
  D:0006H         SYMBOL        dat
  -------         DO            
  D:0004H         SYMBOL        i
  -------         ENDDO         
  C:30F0H         LINE#         159
  C:30F0H         LINE#         160
  C:30F0H         LINE#         161
  C:30F0H         LINE#         162
  C:30FAH         LINE#         163
  C:30FAH         LINE#         164
  C:310EH         LINE#         165
  C:310EH         LINE#         166
  -------         ENDPROC       _DELAY
  -------         PROC          I2C_GPIO_PHASE_START
  C:2EEDH         LINE#         181
  C:2EEDH         LINE#         182
  C:2EEDH         LINE#         184
  C:2EF0H         LINE#         185
  C:2EF3H         LINE#         188
  C:2EF6H         LINE#         189
  C:2EFCH         LINE#         190
  C:2EFCH         LINE#         191
  C:2EFFH         LINE#         192
  C:2EFFH         LINE#         194
  C:2F02H         LINE#         195
BL51 BANKED LINKER/LOCATER V5.03                                                      10/27/2014  10:37:58  PAGE 24


  C:2F05H         LINE#         196
  C:2F0BH         LINE#         197
  C:2F0BH         LINE#         199
  C:2F0EH         LINE#         200
  C:2F0EH         LINE#         202
  C:2F14H         LINE#         203
  C:2F14H         LINE#         205
  C:2F17H         LINE#         206
  C:2F17H         LINE#         208
  C:2F1AH         LINE#         209
  C:2F1DH         LINE#         210
  C:2F20H         LINE#         211
  C:2F22H         LINE#         212
  -------         ENDPROC       I2C_GPIO_PHASE_START
  -------         PROC          I2C_GPIO_PHASE_STOP
  C:2FB2H         LINE#         228
  C:2FB2H         LINE#         229
  C:2FB2H         LINE#         231
  C:2FB5H         LINE#         232
  C:2FB8H         LINE#         235
  C:2FBBH         LINE#         236
  C:2FBBH         LINE#         237
  C:2FBEH         LINE#         238
  C:2FC1H         LINE#         239
  C:2FC7H         LINE#         240
  C:2FC7H         LINE#         242
  C:2FCAH         LINE#         243
  C:2FCAH         LINE#         245
  C:2FCDH         LINE#         246
  C:2FD0H         LINE#         247
  C:2FD3H         LINE#         249
  C:2FD9H         LINE#         250
  C:2FD9H         LINE#         252
  C:2FDCH         LINE#         253
  C:2FDCH         LINE#         255
  C:2FDEH         LINE#         256
  -------         ENDPROC       I2C_GPIO_PHASE_STOP
  -------         PROC          _I2C_GPIO_PHASE_SET_BIT
  X:3DDBH         SYMBOL        val
  C:300CH         LINE#         270
  C:3014H         LINE#         271
  C:3014H         LINE#         273
  C:3017H         LINE#         274
  C:301AH         LINE#         277
  C:301DH         LINE#         278
  C:3027H         LINE#         279
  C:3027H         LINE#         280
  C:302AH         LINE#         281
  C:302CH         LINE#         283
  C:302CH         LINE#         284
  C:302FH         LINE#         285
  C:302FH         LINE#         287
  C:302FH         LINE#         288
  C:3032H         LINE#         289
  C:3035H         LINE#         290
  -------         ENDPROC       _I2C_GPIO_PHASE_SET_BIT
  -------         PROC          I2C_GPIO_PHASE_GET_BIT
BL51 BANKED LINKER/LOCATER V5.03                                                      10/27/2014  10:37:58  PAGE 25


  -------         DO            
  X:3DDBH         SYMBOL        ret
  -------         ENDDO         
  C:3038H         LINE#         305
  C:3038H         LINE#         306
  C:3038H         LINE#         307
  C:303FH         LINE#         308
  C:3042H         LINE#         311
  C:3045H         LINE#         312
  C:3048H         LINE#         314
  C:304BH         LINE#         315
  C:304EH         LINE#         317
  C:3059H         LINE#         318
  C:305CH         LINE#         320
  C:3061H         LINE#         321
  -------         ENDPROC       I2C_GPIO_PHASE_GET_BIT
  -------         PROC          _I2C_GPIO_PHASE_SET_BYTE
  X:3DD9H         SYMBOL        dat
  -------         DO            
  X:3DDAH         SYMBOL        i
  -------         ENDDO         
  C:2F23H         LINE#         336
  C:2F28H         LINE#         337
  C:2F28H         LINE#         340
  C:2F2BH         LINE#         341
  C:2F2BH         LINE#         342
  C:2F32H         LINE#         343
  C:2F32H         LINE#         344
  C:2F36H         LINE#         345
  C:2F38H         LINE#         347
  C:2F38H         LINE#         348
  C:2F3EH         LINE#         349
  C:2F3EH         LINE#         351
  C:2F46H         LINE#         352
  C:2F50H         LINE#         354
  C:2F53H         LINE#         355
  -------         ENDPROC       _I2C_GPIO_PHASE_SET_BYTE
  -------         PROC          _I2C_GPIO_PHASE_GET_BYTE
  X:3DC5H         SYMBOL        ack
  -------         DO            
  X:3DC7H         SYMBOL        ret
  X:3DC8H         SYMBOL        i
  -------         ENDDO         
  C:2D56H         LINE#         367
  C:2D5EH         LINE#         368
  C:2D5EH         LINE#         369
  C:2D61H         LINE#         372
  C:2D63H         LINE#         373
  C:2D63H         LINE#         374
  C:2D6BH         LINE#         375
  C:2D79H         LINE#         376
  C:2D83H         LINE#         378
  C:2D8EH         LINE#         380
  C:2D93H         LINE#         381
  -------         ENDPROC       _I2C_GPIO_PHASE_GET_BYTE
  -------         PROC          _I2C_GPIO_READ_NO_STOP
  X:3DBEH         SYMBOL        slv_addr
BL51 BANKED LINKER/LOCATER V5.03                                                      10/27/2014  10:37:58  PAGE 26


  X:3DBFH         SYMBOL        dat
  X:3DC2H         SYMBOL        len
  -------         DO            
  X:3DC4H         SYMBOL        i
  -------         ENDDO         
  C:2567H         LINE#         397
  C:2577H         LINE#         398
  C:2577H         LINE#         399
  C:257DH         LINE#         401
  C:2584H         LINE#         402
  C:258CH         LINE#         403
  C:258CH         LINE#         404
  C:258FH         LINE#         407
  C:259AH         LINE#         408
  C:259AH         LINE#         409
  C:259AH         LINE#         410
  C:259AH         LINE#         413
  C:259DH         LINE#         414
  C:25A2H         LINE#         415
  C:25A4H         LINE#         417
  C:25AAH         LINE#         418
  C:25AAH         LINE#         419
  C:25ADH         LINE#         420
  C:25ADH         LINE#         422
  C:25CFH         LINE#         423
  C:25CFH         LINE#         425
  C:25EDH         LINE#         426
  C:25F5H         LINE#         428
  C:261CH         LINE#         429
  C:261EH         LINE#         430
  -------         ENDPROC       _I2C_GPIO_READ_NO_STOP
  -------         PROC          _I2C_GPIO_WRITE_NO_STOP
  X:3DD2H         SYMBOL        slv_addr
  X:3DD3H         SYMBOL        dat
  X:3DD6H         SYMBOL        len
  -------         DO            
  X:3DD8H         SYMBOL        i
  -------         ENDDO         
  C:288FH         LINE#         446
  C:289FH         LINE#         447
  C:289FH         LINE#         448
  C:28A5H         LINE#         450
  C:28ACH         LINE#         451
  C:28B4H         LINE#         452
  C:28B4H         LINE#         453
  C:28B7H         LINE#         455
  C:28C2H         LINE#         456
  C:28C2H         LINE#         458
  C:28C2H         LINE#         459
  C:28C2H         LINE#         462
  C:28C5H         LINE#         463
  C:28CAH         LINE#         465
  C:28CCH         LINE#         467
  C:28D2H         LINE#         468
  C:28D2H         LINE#         470
  C:28D5H         LINE#         471
  C:28D5H         LINE#         473
BL51 BANKED LINKER/LOCATER V5.03                                                      10/27/2014  10:37:58  PAGE 27


  C:28F1H         LINE#         474
  C:28F1H         LINE#         475
  C:290CH         LINE#         476
  C:2914H         LINE#         478
  C:2916H         LINE#         479
  -------         ENDPROC       _I2C_GPIO_WRITE_NO_STOP
  -------         PROC          _I2C_GPIO_READ
  D:0007H         SYMBOL        slv_addr
  D:0001H         SYMBOL        dat
  X:3DBCH         SYMBOL        len
  -------         DO            
  D:0007H         SYMBOL        ret
  -------         ENDDO         
  C:30CFH         LINE#         496
  C:30CFH         LINE#         497
  C:30CFH         LINE#         499
  C:30E4H         LINE#         500
  C:30E4H         LINE#         502
  C:30E5H         LINE#         503
  C:30E5H         LINE#         505
  C:30E8H         LINE#         506
  C:30EDH         LINE#         508
  C:30EFH         LINE#         509
  -------         ENDPROC       _I2C_GPIO_READ
  C:3062H         SYMBOL        L?0087
  C:3064H         SYMBOL        L?0088
  -------         PROC          L?0086
  -------         ENDPROC       L?0086
  C:3062H         SYMBOL        L?0087
  C:3064H         SYMBOL        L?0088
  -------         PROC          _I2C_GPIO_WRITE
  D:0007H         SYMBOL        slv_addr
  D:0001H         SYMBOL        dat
  X:3DD0H         SYMBOL        len
  -------         DO            
  D:0007H         SYMBOL        ret
  -------         ENDDO         
  C:306EH         LINE#         526
  C:306EH         LINE#         527
  C:306EH         LINE#         530
  C:3083H         LINE#         531
  C:3083H         LINE#         532
  C:3084H         LINE#         533
  C:3084H         LINE#         535
  C:3087H         LINE#         537
  C:3089H         LINE#         538
  -------         ENDPROC       _I2C_GPIO_WRITE
  -------         PROC          SHOW_OFF
  -------         DO            
  X:3DBBH         SYMBOL        led_map
  -------         ENDDO         
  C:2B80H         LINE#         540
  C:2B80H         LINE#         541
  C:2B80H         LINE#         546
  C:2B93H         LINE#         547
  C:2BA6H         LINE#         548
  C:2BB9H         LINE#         549
BL51 BANKED LINKER/LOCATER V5.03                                                      10/27/2014  10:37:58  PAGE 28


  C:2BC0H         LINE#         550
  -------         ENDPROC       SHOW_OFF
  -------         PROC          SHOW_BANK
  -------         DO            
  X:3DBBH         SYMBOL        led_map
  -------         ENDDO         
  C:2BD3H         LINE#         553
  C:2BD3H         LINE#         554
  C:2BD3H         LINE#         555
  C:2BE6H         LINE#         557
  C:2BF9H         LINE#         558
  C:2C00H         LINE#         559
  C:2C13H         LINE#         560
  -------         ENDPROC       SHOW_BANK
  -------         PROC          _SHOW_TIME
  X:3DBBH         SYMBOL        rtc
  -------         DO            
  X:3DBEH         SYMBOL        min_ge
  X:3DBFH         SYMBOL        min_shi
  X:3DC0H         SYMBOL        hour_ge
  D:0005H         SYMBOL        hour_shi
  X:3DC1H         SYMBOL        show_colon
  X:3DC2H         SYMBOL        led_map
  -------         ENDDO         
  C:23AAH         LINE#         567
  C:23B5H         LINE#         568
  C:23B5H         LINE#         575
  C:23C8H         LINE#         577
  C:23E4H         LINE#         578
  C:23EBH         LINE#         579
  C:23FCH         LINE#         580
  C:2402H         LINE#         582
  C:2413H         LINE#         584
  C:242CH         LINE#         585
  C:243AH         LINE#         587
  C:244EH         LINE#         588
  C:244EH         LINE#         589
  C:2457H         LINE#         590
  C:2457H         LINE#         592
  C:2471H         LINE#         593
  -------         ENDPROC       _SHOW_TIME
  -------         PROC          PANNEL_INIT
  C:30ADH         LINE#         599
  C:30ADH         LINE#         600
  C:30ADH         LINE#         601
  C:30B3H         LINE#         602
  C:30BAH         LINE#         604
  C:30C4H         LINE#         605
  -------         ENDPROC       PANNEL_INIT
  -------         PROC          _SHOW_PANNEL
  X:3DB7H         SYMBOL        show_type
  X:3DB8H         SYMBOL        rtc
  C:2FDFH         LINE#         608
  C:2FEFH         LINE#         609
  C:2FEFH         LINE#         610
  C:2FF2H         LINE#         611
  C:2FF2H         LINE#         613
BL51 BANKED LINKER/LOCATER V5.03                                                      10/27/2014  10:37:58  PAGE 29


  C:2FF5H         LINE#         614
  C:2FF5H         LINE#         615
  C:2FFCH         LINE#         616
  C:2FFCH         LINE#         617
  C:3008H         LINE#         618
  C:3008H         LINE#         620
  C:3008H         LINE#         622
  C:300BH         LINE#         623
  C:300BH         LINE#         624
  -------         ENDPROC       _SHOW_PANNEL
  -------         PROC          PANNEL_SCAN
  -------         DO            
  X:3DB7H         SYMBOL        pan_key
  -------         ENDDO         
  C:2E0BH         LINE#         626
  C:2E0BH         LINE#         627
  C:2E0BH         LINE#         628
  C:2E10H         LINE#         629
  C:2E22H         LINE#         630
  C:2E2BH         LINE#         631
  C:2E2BH         LINE#         632
  C:2E30H         LINE#         633
  C:2E35H         LINE#         634
  C:2E3AH         LINE#         635
  C:2E3AH         LINE#         641
  C:2E3EH         LINE#         642
  C:2E3EH         LINE#         643
  C:2E41H         LINE#         644
  C:2E41H         LINE#         646
  C:2E43H         LINE#         647
  -------         ENDPROC       PANNEL_SCAN
  -------         ENDMOD        PANNEL

  -------         MODULE        PMU_RTC
  C:0000H         SYMBOL        _ICE_DUMMY_
  D:0080H         PUBLIC        P0
  D:0090H         PUBLIC        P1
  D:00A0H         PUBLIC        P2
  D:00B0H         PUBLIC        P3
  B:00A8H.7       PUBLIC        EA
  D:00A8H         PUBLIC        IE
  X:3E6DH         PUBLIC        g_rtc
  D:00B8H         PUBLIC        IP
  X:3E78H         PUBLIC        g_wake_rtc
  C:2B26H         PUBLIC        _pmu_timer1_set_time
  D:0088H         PUBLIC        TCON
  C:31D1H         SYMBOL        _pmu_timer1_int_en
  B:00A8H.2       PUBLIC        EX1
  D:00E8H         PUBLIC        EIE
  C:2771H         SYMBOL        _is_leap_year
  D:00F8H         PUBLIC        EIP
  C:2115H         PUBLIC        _update_current_time
  D:0098H         PUBLIC        SCON0
  C:2D12H         PUBLIC        _main_cpu_get_time
  D:00C0H         PUBLIC        SCON1
  D:00C8H         PUBLIC        T2CON
  C:2AC8H         PUBLIC        extern_int1
BL51 BANKED LINKER/LOCATER V5.03                                                      10/27/2014  10:37:58  PAGE 30


  D:00D0H         PUBLIC        PSW
  D:00D8H         PUBLIC        WDCON
  -------         PROC          _PMU_TIMER1_SET_TIME
  D:0007H         SYMBOL        autoload
  -------         DO            
  D:0006H         SYMBOL        div
  D:0005H         SYMBOL        reg
  X:3DB4H         SYMBOL        reg1
  -------         ENDDO         
  C:2B26H         LINE#         13
  C:2B26H         LINE#         14
  C:2B26H         LINE#         15
  C:2B28H         LINE#         16
  C:2B29H         LINE#         17
  C:2B2DH         LINE#         19
  C:2B30H         LINE#         20
  C:2B30H         LINE#         21
  C:2B36H         LINE#         22
  C:2B3AH         LINE#         23
  C:2B3EH         LINE#         24
  C:2B42H         LINE#         26
  C:2B48H         LINE#         27
  C:2B4CH         LINE#         28
  C:2B50H         LINE#         29
  C:2B54H         LINE#         30
  C:2B5BH         LINE#         31
  C:2B5BH         LINE#         33
  C:2B5DH         LINE#         34
  C:2B5FH         LINE#         35
  C:2B63H         LINE#         36
  C:2B65H         LINE#         37
  C:2B66H         LINE#         38
  C:2B68H         LINE#         39
  C:2B6BH         LINE#         40
  C:2B6CH         LINE#         41
  C:2B6FH         LINE#         42
  C:2B6FH         LINE#         43
  C:2B72H         LINE#         44
  C:2B74H         LINE#         46
  C:2B74H         LINE#         47
  C:2B7BH         LINE#         48
  C:2B7BH         LINE#         50
  -------         ENDPROC       _PMU_TIMER1_SET_TIME
  -------         PROC          _PMU_TIMER1_INT_EN
  D:0007H         SYMBOL        en
  C:31D1H         LINE#         54
  C:31D1H         LINE#         55
  C:31D1H         LINE#         56
  C:31D7H         LINE#         57
  C:31D7H         LINE#         58
  C:31DBH         LINE#         59
  C:31DCH         LINE#         61
  C:31DCH         LINE#         62
  C:31E0H         LINE#         63
  C:31E0H         LINE#         64
  -------         ENDPROC       _PMU_TIMER1_INT_EN
  -------         PROC          _UPDATE_CURRENT_TIME
BL51 BANKED LINKER/LOCATER V5.03                                                      10/27/2014  10:37:58  PAGE 31


  X:3DDDH         SYMBOL        rtc
  C:2115H         LINE#         66
  C:2120H         LINE#         67
  C:2120H         LINE#         68
  C:2139H         LINE#         69
  C:2139H         LINE#         70
  C:2140H         LINE#         71
  C:2148H         LINE#         72
  C:2156H         LINE#         73
  C:2156H         LINE#         74
  C:2168H         LINE#         75
  C:2170H         LINE#         76
  C:217EH         LINE#         77
  C:217EH         LINE#         78
  C:2190H         LINE#         79
  C:2198H         LINE#         81
  C:21C1H         LINE#         83
  C:21C1H         LINE#         84
  C:21D7H         LINE#         85
  C:21D7H         LINE#         86
  C:21DFH         LINE#         87
  C:21E7H         LINE#         88
  C:21F2H         LINE#         89
  C:21F2H         LINE#         90
  C:2205H         LINE#         91
  C:221EH         LINE#         92
  C:221EH         LINE#         93
  C:221EH         LINE#         94
  C:221EH         LINE#         96
  C:2233H         LINE#         97
  C:2233H         LINE#         98
  C:2244H         LINE#         99
  C:2244H         LINE#         100
  C:2244H         LINE#         101
  C:2244H         LINE#         102
  C:2246H         LINE#         103
  C:2262H         LINE#         104
  C:2262H         LINE#         105
  C:2275H         LINE#         106
  C:227DH         LINE#         107
  C:227DH         LINE#         108
  C:227DH         LINE#         110
  C:22A1H         LINE#         111
  C:22A1H         LINE#         112
  C:22ACH         LINE#         113
  C:22ACH         LINE#         114
  C:22B4H         LINE#         115
  C:22BCH         LINE#         116
  C:22BCH         LINE#         117
  C:22BCH         LINE#         119
  C:22BCH         LINE#         120
  C:22BCH         LINE#         121
  C:22BCH         LINE#         123
  -------         ENDPROC       _UPDATE_CURRENT_TIME
  -------         PROC          _MAIN_CPU_GET_TIME
  D:0001H         SYMBOL        rtc
  C:2D12H         LINE#         125
BL51 BANKED LINKER/LOCATER V5.03                                                      10/27/2014  10:37:58  PAGE 32


  C:2D12H         LINE#         126
  C:2D12H         LINE#         127
  C:2D19H         LINE#         128
  C:2D23H         LINE#         129
  C:2D2DH         LINE#         130
  C:2D37H         LINE#         131
  C:2D41H         LINE#         132
  C:2D4BH         LINE#         133
  C:2D55H         LINE#         134
  -------         ENDPROC       _MAIN_CPU_GET_TIME
  -------         PROC          _IS_LEAP_YEAR
  X:3DE0H         SYMBOL        rtc
  C:2771H         LINE#         136
  C:277CH         LINE#         137
  C:277CH         LINE#         138
  C:27CCH         LINE#         139
  C:27CCH         LINE#         140
  C:27CFH         LINE#         141
  C:27CFH         LINE#         142
  C:27FDH         LINE#         143
  C:27FDH         LINE#         144
  C:2800H         LINE#         145
  C:2800H         LINE#         147
  C:2800H         LINE#         148
  C:2802H         LINE#         149
  C:2802H         LINE#         150
  -------         ENDPROC       _IS_LEAP_YEAR
  -------         PROC          EXTERN_INT1
  -------         DO            
  D:0007H         SYMBOL        reg
  D:0006H         SYMBOL        div
  -------         ENDDO         
  C:2AC8H         LINE#         155
  C:2AE5H         LINE#         157
  C:2AE5H         LINE#         158
  C:2AE7H         LINE#         159
  C:2AE9H         LINE#         160
  C:2AEEH         LINE#         161
  C:2AF6H         LINE#         163
  C:2AFAH         LINE#         164
  C:2AFAH         LINE#         165
  C:2B00H         LINE#         166
  C:2B09H         LINE#         167
  C:2B09H         LINE#         168
  C:2B0BH         LINE#         169
  -------         ENDPROC       EXTERN_INT1
  -------         ENDMOD        PMU_RTC

  -------         MODULE        SYS
  C:0000H         SYMBOL        _ICE_DUMMY_
  C:31B3H         PUBLIC        _exit_standby_status
  D:0080H         PUBLIC        P0
  D:0090H         PUBLIC        P1
  D:00A0H         PUBLIC        P2
  D:00B0H         PUBLIC        P3
  C:2EB6H         PUBLIC        _hal_mcu_gpio_en
  B:00A8H.7       PUBLIC        EA
BL51 BANKED LINKER/LOCATER V5.03                                                      10/27/2014  10:37:58  PAGE 33


  C:3255H         SYMBOL        hal_gpio_dir_get
  C:327FH         SYMBOL        _hal_gpio1_en
  D:00A8H         PUBLIC        IE
  C:22BDH         PUBLIC        _rtc_process
  C:3172H         PUBLIC        standby_init
  D:00B8H         PUBLIC        IP
  C:2C79H         PUBLIC        _hal_gpio_bit_dir_set
  X:3E8EH         PUBLIC        g_exit_standby_sts
  C:2E7DH         PUBLIC        _ir_process
  X:3E8FH         SYMBOL        g_power_key
  C:3279H         SYMBOL        _hal_gpio1_dir_set
  C:3285H         PUBLIC        mcu_disable_int
  C:003EH         PUBLIC        init_externint2
  C:0046H         PUBLIC        init_externint3
  C:004EH         PUBLIC        init_externint4
  C:328BH         PUBLIC        init_externint5
  D:0088H         PUBLIC        TCON
  C:3249H         SYMBOL        _hal_gpio_write
  C:308AH         PUBLIC        _ali_power_key_process
  C:3273H         SYMBOL        hal_gpio1_dir_get
  X:3E90H         PUBLIC        g_standby_flag
  C:3187H         PUBLIC        _power_key_mode
  C:2E44H         PUBLIC        _pannel_process
  C:324FH         SYMBOL        hal_gpio_read
  B:00A8H.0       PUBLIC        EX0
  B:0088H.0       PUBLIC        IT0
  B:00E8H.0       PUBLIC        EX2
  B:00E8H.1       PUBLIC        EX3
  B:00E8H.2       PUBLIC        EX4
  B:00E8H.3       PUBLIC        EX5
  D:00E8H         PUBLIC        EIE
  D:0091H         PUBLIC        EIF
  C:3261H         SYMBOL        _hal_gpio_en
  C:2987H         PUBLIC        _debug_delay
  C:3211H         PUBLIC        hal_mcu_gpio_disable_en
  D:00F8H         PUBLIC        EIP
  X:3FD0H         PUBLIC        g_ir_power_key
  D:0098H         PUBLIC        SCON0
  D:00C0H         PUBLIC        SCON1
  D:00C8H         PUBLIC        T2CON
  C:3267H         SYMBOL        _hal_gpio1_write
  C:0016H         PUBLIC        pmu_init
  C:2F84H         PUBLIC        _hal_gpio_bit_get
  C:2D94H         PUBLIC        power_key_cfg
  C:2917H         PUBLIC        extern_int0
  C:325BH         SYMBOL        _hal_gpio_dir_set
  C:2C26H         PUBLIC        _hal_gpio_bit_set
  C:326DH         SYMBOL        hal_gpio1_read
  C:248BH         PUBLIC        extern_int2
  C:3144H         PUBLIC        extern_int3
  D:00D0H         PUBLIC        PSW
  C:315BH         PUBLIC        extern_int4
  C:312AH         PUBLIC        extern_int5
  D:00D8H         PUBLIC        WDCON
  -------         PROC          _HAL_GPIO_WRITE
  D:0007H         SYMBOL        val
  C:3249H         LINE#         24
BL51 BANKED LINKER/LOCATER V5.03                                                      10/27/2014  10:37:58  PAGE 34


  C:3249H         LINE#         25
  C:3249H         LINE#         26
  C:324EH         LINE#         27
  -------         ENDPROC       _HAL_GPIO_WRITE
  -------         PROC          HAL_GPIO_READ
  -------         DO            
  D:0007H         SYMBOL        ret
  -------         ENDDO         
  C:324FH         LINE#         29
  C:324FH         LINE#         30
  C:324FH         LINE#         31
  C:324FH         LINE#         33
  C:3254H         LINE#         34
  C:3254H         LINE#         35
  -------         ENDPROC       HAL_GPIO_READ
  -------         PROC          HAL_GPIO_DIR_GET
  -------         DO            
  D:0007H         SYMBOL        ret
  -------         ENDDO         
  C:3255H         LINE#         37
  C:3255H         LINE#         38
  C:3255H         LINE#         39
  C:3255H         LINE#         40
  C:325AH         LINE#         41
  C:325AH         LINE#         42
  -------         ENDPROC       HAL_GPIO_DIR_GET
  -------         PROC          _HAL_GPIO_DIR_SET
  D:0007H         SYMBOL        val
  C:325BH         LINE#         44
  C:325BH         LINE#         45
  C:325BH         LINE#         46
  C:3260H         LINE#         47
  -------         ENDPROC       _HAL_GPIO_DIR_SET
[...]
  -------         ENDPROC       HAL_MCU_GPIO_DISABLE_EN
  -------         PROC          _HAL_GPIO_BIT_GET
  D:0006H         SYMBOL        pos
  -------         DO            
  D:0007H         SYMBOL        ret
  -------         ENDDO         
  C:2F84H         LINE#         111
  C:2F86H         LINE#         112
  C:2F86H         LINE#         113
  C:2F88H         LINE#         114
BL51 BANKED LINKER/LOCATER V5.03                                                      10/27/2014  10:37:58  PAGE 36


  C:2F8EH         LINE#         115
  C:2F8EH         LINE#         116
  C:2F9BH         LINE#         117
  C:2F9DH         LINE#         119
  C:2F9DH         LINE#         120
  C:2FB1H         LINE#         121
  C:2FB1H         LINE#         123
  C:2FB1H         LINE#         124
  -------         ENDPROC       _HAL_GPIO_BIT_GET
  -------         PROC          _HAL_GPIO_BIT_SET
  D:0006H         SYMBOL        pos
  D:0005H         SYMBOL        val
  C:2C26H         LINE#         126
  C:2C28H         LINE#         127
  C:2C28H         LINE#         128
  C:2C2EH         LINE#         129
  C:2C2EH         LINE#         130
  C:2C50H         LINE#         131
  C:2C50H         LINE#         133
  C:2C50H         LINE#         134
  C:2C78H         LINE#         135
  C:2C78H         LINE#         136
  -------         ENDPROC       _HAL_GPIO_BIT_SET
  -------         PROC          _HAL_GPIO_BIT_DIR_SET
  D:0006H         SYMBOL        pos
  D:0005H         SYMBOL        val
  C:2C79H         LINE#         138
  C:2C7BH         LINE#         139
  C:2C7BH         LINE#         140
  C:2C81H         LINE#         141
  C:2C81H         LINE#         142
  C:2CA1H         LINE#         143
  C:2CA1H         LINE#         145
  C:2CA1H         LINE#         146
  C:2CC7H         LINE#         147
  C:2CC7H         LINE#         148
  -------         ENDPROC       _HAL_GPIO_BIT_DIR_SET
  -------         PROC          _DEBUG_DELAY
  X:3E83H         SYMBOL        n
  -------         DO            
  X:3E87H         SYMBOL        i
  -------         ENDDO         
  C:2987H         LINE#         150
  C:298DH         LINE#         151
  C:298DH         LINE#         152
  C:2997H         LINE#         153
  C:29C1H         LINE#         154
  C:29C1H         LINE#         155
  C:29CFH         LINE#         156
  C:29F3H         LINE#         157
  -------         ENDPROC       _DEBUG_DELAY
  -------         PROC          MCU_DISABLE_INT
  C:3285H         LINE#         159
  C:3285H         LINE#         160
  C:3285H         LINE#         161
  C:328AH         LINE#         162
  -------         ENDPROC       MCU_DISABLE_INT
BL51 BANKED LINKER/LOCATER V5.03                                                      10/27/2014  10:37:58  PAGE 37


  -------         PROC          PMU_INIT
  C:0016H         LINE#         164
  C:0016H         LINE#         165
  C:0016H         LINE#         166
  C:0019H         LINE#         167
  C:001CH         LINE#         168
  C:001FH         LINE#         169
  C:0022H         LINE#         170
  C:0025H         LINE#         172
  C:002AH         LINE#         174
  C:0031H         LINE#         175
  C:0036H         LINE#         176
  -------         ENDPROC       PMU_INIT
  -------         PROC          STANDBY_INIT
  C:3172H         LINE#         179
  C:3172H         LINE#         180
  C:3172H         LINE#         181
  C:3177H         LINE#         182
  C:317AH         LINE#         183
  C:317DH         LINE#         184
  C:3182H         LINE#         185
  -------         ENDPROC       STANDBY_INIT
  -------         PROC          _PANNEL_PROCESS
  X:3DB4H         SYMBOL        rtc
  D:0005H         SYMBOL        type
  -------         DO            
  D:0007H         SYMBOL        ret
  -------         ENDDO         
  C:2E44H         LINE#         188
  C:2E4FH         LINE#         189
  C:2E4FH         LINE#         190
  C:2E50H         LINE#         192
  C:2E55H         LINE#         193
  C:2E5BH         LINE#         194
  C:2E5BH         LINE#         195
  C:2E60H         LINE#         196
  C:2E64H         LINE#         197
  C:2E72H         LINE#         198
  C:2E72H         LINE#         199
  C:2E75H         LINE#         200
  C:2E7AH         LINE#         204
  C:2E7CH         LINE#         205
  C:2E7CH         LINE#         206
  -------         ENDPROC       _PANNEL_PROCESS
  -------         PROC          _IR_PROCESS
  X:3DB4H         SYMBOL        rtc
  -------         DO            
  D:0007H         SYMBOL        ret
  -------         ENDDO         
  C:2E7DH         LINE#         208
  C:2E88H         LINE#         209
  C:2E88H         LINE#         210
  C:2E8AH         LINE#         212
  C:2E90H         LINE#         213
  C:2E90H         LINE#         214
  C:2E96H         LINE#         215
  C:2E9AH         LINE#         216
BL51 BANKED LINKER/LOCATER V5.03                                                      10/27/2014  10:37:58  PAGE 38


  C:2E9DH         LINE#         217
  C:2EABH         LINE#         218
  C:2EABH         LINE#         220
  C:2EAEH         LINE#         221
  C:2EB3H         LINE#         225
  C:2EB5H         LINE#         226
  C:2EB5H         LINE#         227
  -------         ENDPROC       _IR_PROCESS
  -------         PROC          _RTC_PROCESS
  X:3DB4H         SYMBOL        rtc
  X:3DB7H         SYMBOL        wakeup_rtc
  C:22BDH         LINE#         229
  C:22C8H         LINE#         230
  C:22C8H         LINE#         232
  C:2366H         LINE#         234
  C:2366H         LINE#         235
  C:2381H         LINE#         236
  C:2381H         LINE#         237
  C:2387H         LINE#         238
  C:238BH         LINE#         239
  C:238EH         LINE#         240
  C:2391H         LINE#         241
  C:239FH         LINE#         243
  C:23A2H         LINE#         244
  C:23A7H         LINE#         248
  C:23A9H         LINE#         249
  C:23A9H         LINE#         250
  C:23A9H         LINE#         251
  -------         ENDPROC       _RTC_PROCESS
  -------         PROC          _ALI_POWER_KEY_PROCESS
  D:0001H         SYMBOL        rtc
  C:308AH         LINE#         253
  C:308AH         LINE#         254
  C:308AH         LINE#         255
  C:3092H         LINE#         256
  C:3092H         LINE#         257
  C:3099H         LINE#         258
  C:309CH         LINE#         259
  C:309FH         LINE#         261
  C:30A2H         LINE#         262
  C:30A5H         LINE#         263
  C:30AAH         LINE#         264
  C:30ACH         LINE#         265
  C:30ACH         LINE#         266
  -------         ENDPROC       _ALI_POWER_KEY_PROCESS
  -------         PROC          POWER_KEY_CFG
  -------         DO            
  D:0007H         SYMBOL        reg
  -------         ENDDO         
  C:2D94H         LINE#         268
  C:2D94H         LINE#         269
  C:2D94H         LINE#         270
  C:2D94H         LINE#         273
  C:2D9AH         LINE#         274
  C:2D9EH         LINE#         275
  C:2DA1H         LINE#         276
  C:2DA6H         LINE#         281
BL51 BANKED LINKER/LOCATER V5.03                                                      10/27/2014  10:37:58  PAGE 39


  C:2DACH         LINE#         282
  C:2DB0H         LINE#         283
  C:2DB3H         LINE#         284
  C:2DB7H         LINE#         286
  C:2DBBH         LINE#         288
  C:2DBDH         LINE#         289
  C:2DBEH         LINE#         290
  C:2DC0H         LINE#         292
  C:2DC2H         LINE#         293
  C:2DC3H         LINE#         295
  C:2DC5H         LINE#         296
  C:2DC7H         LINE#         297
  C:2DCEH         LINE#         298
  C:2DD0H         LINE#         299
  -------         ENDPROC       POWER_KEY_CFG
  -------         PROC          _POWER_KEY_MODE
  D:0007H         SYMBOL        mode
  C:3187H         LINE#         301
  C:3187H         LINE#         302
  C:3187H         LINE#         303
  C:318EH         LINE#         304
  C:318EH         LINE#         305
  C:3192H         LINE#         306
  C:3194H         LINE#         308
  C:3194H         LINE#         309
  C:3198H         LINE#         310
  C:3198H         LINE#         312
  -------         ENDPROC       _POWER_KEY_MODE
  C:31ADH         SYMBOL        L?0097
  -------         PROC          L?0096
  -------         ENDPROC       L?0096
  C:31ADH         SYMBOL        L?0097
  -------         PROC          _EXIT_STANDBY_STATUS
  D:0007H         SYMBOL        status0
  D:0005H         SYMBOL        status1
  D:0003H         SYMBOL        status2
  C:31B3H         LINE#         318
  C:31B3H         LINE#         319
  C:31B3H         LINE#         320
  C:31B8H         LINE#         321
  C:31BBH         LINE#         322
  C:31BEH         LINE#         323
  -------         ENDPROC       _EXIT_STANDBY_STATUS
  -------         PROC          EXTERN_INT0
  -------         DO            
  X:3DE3H         SYMBOL        reg
  -------         ENDDO         
  C:2917H         LINE#         330
  C:2934H         LINE#         332
  C:2939H         LINE#         333
  C:293BH         LINE#         334
  C:2943H         LINE#         336
  C:2948H         LINE#         337
  C:2948H         LINE#         338
  C:294FH         LINE#         339
  C:294FH         LINE#         341
  C:2953H         LINE#         342
BL51 BANKED LINKER/LOCATER V5.03                                                      10/27/2014  10:37:58  PAGE 40


  C:2953H         LINE#         343
  C:2956H         LINE#         344
  C:2956H         LINE#         346
  C:295DH         LINE#         347
  C:295DH         LINE#         348
  C:2964H         LINE#         349
  C:2964H         LINE#         350
  C:296AH         LINE#         351
  C:296AH         LINE#         352
  C:296AH         LINE#         354
  C:296CH         LINE#         355
  -------         ENDPROC       EXTERN_INT0
  -------         PROC          EXTERN_INT2
  C:248BH         LINE#         364
  C:24A2H         LINE#         366
  C:24A4H         LINE#         367
  C:24AAH         LINE#         370
  C:24B2H         LINE#         371
  C:24BAH         LINE#         372
  C:24C2H         LINE#         373
  C:24CAH         LINE#         376
  C:24D2H         LINE#         377
  C:24DAH         LINE#         378
  C:24E2H         LINE#         379
  C:24EAH         LINE#         382
  C:24F2H         LINE#         383
  C:24FAH         LINE#         384
  C:2502H         LINE#         385
  C:250AH         LINE#         386
  C:2512H         LINE#         387
  C:251AH         LINE#         388
  C:2522H         LINE#         389
  C:253BH         LINE#         392
  C:253BH         LINE#         394
  C:2542H         LINE#         395
  C:2546H         LINE#         396
  C:254AH         LINE#         401
  C:2550H         LINE#         403
  C:2552H         LINE#         404
  -------         ENDPROC       EXTERN_INT2
  -------         PROC          EXTERN_INT3
  C:3144H         LINE#         406
  C:314AH         LINE#         408
  C:314CH         LINE#         409
  C:3152H         LINE#         410
  C:3154H         LINE#         411
  -------         ENDPROC       EXTERN_INT3
  -------         PROC          EXTERN_INT4
  C:315BH         LINE#         413
  C:3161H         LINE#         415
  C:3163H         LINE#         416
  C:3169H         LINE#         417
  C:316BH         LINE#         418
  -------         ENDPROC       EXTERN_INT4
  -------         PROC          EXTERN_INT5
  C:312AH         LINE#         420
  C:3130H         LINE#         422
BL51 BANKED LINKER/LOCATER V5.03                                                      10/27/2014  10:37:58  PAGE 41


  C:3132H         LINE#         423
  C:3135H         LINE#         424
  C:313BH         LINE#         425
  C:313DH         LINE#         426
  -------         ENDPROC       EXTERN_INT5
  -------         PROC          INIT_EXTERNINT2
  C:003EH         LINE#         428
  C:003EH         LINE#         429
  C:003EH         LINE#         430
  C:0040H         LINE#         431
  C:0042H         LINE#         432
  -------         ENDPROC       INIT_EXTERNINT2
  -------         PROC          INIT_EXTERNINT3
  C:0046H         LINE#         434
  C:0046H         LINE#         435
  C:0046H         LINE#         436
  C:0048H         LINE#         437
  C:004AH         LINE#         438
  -------         ENDPROC       INIT_EXTERNINT3
  -------         PROC          INIT_EXTERNINT4
  C:004EH         LINE#         440
  C:004EH         LINE#         441
  C:004EH         LINE#         442
  C:0050H         LINE#         443
  C:0052H         LINE#         444
  -------         ENDPROC       INIT_EXTERNINT4
  -------         PROC          INIT_EXTERNINT5
  C:328BH         LINE#         446
  C:328BH         LINE#         447
  C:328BH         LINE#         448
  C:328DH         LINE#         449
  C:328FH         LINE#         450
  -------         ENDPROC       INIT_EXTERNINT5
  -------         ENDMOD        SYS

  -------         MODULE        UART
  C:0000H         SYMBOL        _ICE_DUMMY_
  D:0080H         PUBLIC        P0
  D:0090H         PUBLIC        P1
  D:00A0H         PUBLIC        P2
  D:00B0H         PUBLIC        P3
  D:00A8H         PUBLIC        IE
  D:00B8H         PUBLIC        IP
  D:0087H         PUBLIC        PCON
  D:0098H         PUBLIC        SCON
  D:0089H         PUBLIC        TMOD
  D:0088H         PUBLIC        TCON
  C:31BFH         PUBLIC        InitUart
  D:008DH         PUBLIC        TH1
  D:008BH         PUBLIC        TL1
  D:00E8H         PUBLIC        EIE
  B:0088H.6       PUBLIC        TR1
  D:00F8H         PUBLIC        EIP
  D:0098H         PUBLIC        SCON0
  D:00C0H         PUBLIC        SCON1
  D:00C8H         PUBLIC        T2CON
  D:00D0H         PUBLIC        PSW
BL51 BANKED LINKER/LOCATER V5.03                                                      10/27/2014  10:37:58  PAGE 42


  D:00D8H         PUBLIC        WDCON
  -------         PROC          INITUART
  C:31BFH         LINE#         14
  C:31BFH         LINE#         15
  C:31BFH         LINE#         16
  C:31C2H         LINE#         19
  C:31C5H         LINE#         20
  C:31C8H         LINE#         21
  C:31CEH         LINE#         22
  C:31D0H         LINE#         29
  -------         ENDPROC       INITUART
  -------         ENDMOD        UART

  -------         MODULE        ?C?COPY
  C:16A5H         PUBLIC        ?C?COPY
  -------         ENDMOD        ?C?COPY

  -------         MODULE        ?C?CLDPTR
  C:16CBH         PUBLIC        ?C?CLDPTR
  -------         ENDMOD        ?C?CLDPTR

  -------         MODULE        ?C?CLDOPTR
  C:16E4H         PUBLIC        ?C?CLDOPTR
  -------         ENDMOD        ?C?CLDOPTR

  -------         MODULE        ?C?CILDOPTR
  C:1711H         PUBLIC        ?C?CILDOPTR
  -------         ENDMOD        ?C?CILDOPTR

  -------         MODULE        ?C?CSTPTR
  C:1744H         PUBLIC        ?C?CSTPTR
  -------         ENDMOD        ?C?CSTPTR

  -------         MODULE        ?C?CSTOPTR
  C:1756H         PUBLIC        ?C?CSTOPTR
  -------         ENDMOD        ?C?CSTOPTR

  -------         MODULE        ?C?ILDOPTR
  C:1778H         PUBLIC        ?C?ILDOPTR
  -------         ENDMOD        ?C?ILDOPTR

  -------         MODULE        ?C?ISTOPTR
  C:17B0H         PUBLIC        ?C?ISTOPTR
  -------         ENDMOD        ?C?ISTOPTR

  -------         MODULE        ?C?ULDIV
  C:1819H         PUBLIC        ?C?ULDIV
  -------         ENDMOD        ?C?ULDIV

  -------         MODULE        ?C?ULCMP
  C:18ABH         PUBLIC        ?C?ULCMP
  -------         ENDMOD        ?C?ULCMP

  -------         MODULE        ?C?ULSHR
  C:18BCH         PUBLIC        ?C?ULSHR
  -------         ENDMOD        ?C?ULSHR

BL51 BANKED LINKER/LOCATER V5.03                                                      10/27/2014  10:37:58  PAGE 43


  -------         MODULE        ?C?LSHL
  C:18CFH         PUBLIC        ?C?LSHL
  -------         ENDMOD        ?C?LSHL

  -------         MODULE        ?C?LLDPTR
  C:18E2H         PUBLIC        ?C?LLDPTR
  -------         ENDMOD        ?C?LLDPTR

  -------         MODULE        ?C?LLDOPTR
  C:1902H         PUBLIC        ?C?LLDOPTR
  -------         ENDMOD        ?C?LLDOPTR

  -------         MODULE        ?C?LSTPTR
  C:1932H         PUBLIC        ?C?LSTPTR
  -------         ENDMOD        ?C?LSTPTR

  -------         MODULE        ?C?LSTOPTR
  C:194CH         PUBLIC        ?C?LSTOPTR
  -------         ENDMOD        ?C?LSTOPTR

  -------         MODULE        ?C?LLDIXDATA
  C:1979H         PUBLIC        ?C?LLDIXDATA
  C:1970H         PUBLIC        ?C?LLDIXDATA1
  C:1972H         PUBLIC        ?C?LLDIXDATA8
  -------         ENDMOD        ?C?LLDIXDATA

  -------         MODULE        ?C?LSTXDATA
  C:19A5H         PUBLIC        ?C?LSTXDATA
  -------         ENDMOD        ?C?LSTXDATA

  -------         MODULE        ?C?LSTKXDATA
  C:19B1H         PUBLIC        ?C?LSTKXDATA
  -------         ENDMOD        ?C?LSTKXDATA

  -------         MODULE        ?C?OFFXADD
  C:19E2H         PUBLIC        ?C?OFFXADD
  -------         ENDMOD        ?C?OFFXADD

  -------         MODULE        ?C?PLDPTR
  C:19EEH         PUBLIC        ?C?PLDPTR
  -------         ENDMOD        ?C?PLDPTR

  -------         MODULE        ?C?PLDOPTR
  C:1A0EH         PUBLIC        ?C?PLDOPTR
  -------         ENDMOD        ?C?PLDOPTR

  -------         MODULE        ?C?LLDIDATA
  C:1A3EH         PUBLIC        ?C?LLDIDATA
  -------         ENDMOD        ?C?LLDIDATA

  -------         MODULE        ?C?LLDXDATA
  C:1A4AH         PUBLIC        ?C?LLDXDATA
  -------         ENDMOD        ?C?LLDXDATA

  -------         MODULE        ?C?LLDPDATA
  C:1A56H         PUBLIC        ?C?LLDPDATA
  -------         ENDMOD        ?C?LLDPDATA
BL51 BANKED LINKER/LOCATER V5.03                                                      10/27/2014  10:37:58  PAGE 44



  -------         MODULE        ?C?LLDCODE
  C:1A62H         PUBLIC        ?C?LLDCODE
  -------         ENDMOD        ?C?LLDCODE

  -------         MODULE        ?C?LSTIDATA
  C:1A72H         PUBLIC        ?C?LSTIDATA
  -------         ENDMOD        ?C?LSTIDATA

  -------         MODULE        ?C?LSTPDATA
  C:1A7EH         PUBLIC        ?C?LSTPDATA
  -------         ENDMOD        ?C?LSTPDATA

  -------         MODULE        ?C?PLDIDATA
  C:1A8AH         PUBLIC        ?C?PLDIDATA
  -------         ENDMOD        ?C?PLDIDATA

  -------         MODULE        ?C?PLDXDATA
  C:1A93H         PUBLIC        ?C?PLDXDATA
  -------         ENDMOD        ?C?PLDXDATA

  -------         MODULE        ?C?PLDPDATA
  C:1A9CH         PUBLIC        ?C?PLDPDATA
  -------         ENDMOD        ?C?PLDPDATA

  -------         MODULE        ?C?PLDCODE
  C:1AA5H         PUBLIC        ?C?PLDCODE
  -------         ENDMOD        ?C?PLDCODE

*** WARNING L16: UNCALLED SEGMENT, IGNORED FOR OVERLAY PROCESS
    SEGMENT: ?PR?_POWER_KEY_PROCESS?MAIN

*** WARNING L16: UNCALLED SEGMENT, IGNORED FOR OVERLAY PROCESS
    SEGMENT: ?PR?_DELAY?PANNEL

*** WARNING L16: UNCALLED SEGMENT, IGNORED FOR OVERLAY PROCESS
    SEGMENT: ?PR?_DEBUG_DELAY?SYS

*** WARNING L16: UNCALLED SEGMENT, IGNORED FOR OVERLAY PROCESS
    SEGMENT: ?PR?_ALI_POWER_KEY_PROCESS?SYS

Program Size: data=9.0 xdata=1713 code=12946
LINK/LOCATE RUN COMPLETE.  4 WARNING(S),  0 ERROR(S)
