C51 COMPILER V7.06   UART                                                                  10/27/2014 10:37:58 PAGE 1   


C51 COMPILER V7.06, COMPILATION OF MODULE UART
OBJECT MODULE PLACED IN uart.OBJ
COMPILER INVOKED BY: D:\SW_Install\C51\BIN\C51.EXE uart.c LARGE BROWSE DEBUG OBJECTEXTEND

stmt level    source

   1          #include "uart.h"
   2          #include <dp8051xp.h>
   3          #include <stdio.h>
   4          #include "sys.h"
*** WARNING C322 IN LINE 90 OF sys.h: unknown identifier
   5          
   6          //============================================================//
   7          #define OSC_FREQ    27000000L
   8          #define BAUD_RATE   9600L
   9          #define BAUD_TIMER  1
  10          #define T1_INIT     (256   - (OSC_FREQ/(96L*BAUD_RATE)+1)/2)
  11          #define RCAP2_INIT  (65536 - (OSC_FREQ/(16L*BAUD_RATE)+1)/2)
  12          
  13          //============================================================//
  14          void InitUart(void)
  15          {
  16   1              SCON = 0x52;    /* SCON: mode 1, 8-bit UART, enable rcvr      */
  17   1      
  18   1      #if(BAUD_TIMER == 1)
  19   1              PCON = 0x80;    /* 1 <=> fclk/16  0 <=> fclk/32               */
  20   1              TMOD |= 0x20;   /* TMOD: t1 mode 2, 8-bit reload */
  21   1              TH1 = TL1 = T1_INIT;
  22   1              TR1 = 1;        /* TR1:  timer 1 run                          */
  23   1      #else
                      PCON = 0x00;    /* 1 <=> fclk/16  0 <=> fclk/32               */
                      TH2 = RCAP2H = RCAP2_INIT/256;
                      TL2 = RCAP2L = RCAP2_INIT%256;
                      T2CON = 0X34;
              #endif
  29   1      }


MODULE INFORMATION:   STATIC OVERLAYABLE
   CODE SIZE        =     18    ----
   CONSTANT SIZE    =   ----    ----
   XDATA SIZE       =   ----    ----
   PDATA SIZE       =   ----    ----
   DATA SIZE        =   ----    ----
   IDATA SIZE       =   ----    ----
   BIT SIZE         =   ----    ----
END OF MODULE INFORMATION.


C51 COMPILATION COMPLETE.  1 WARNING(S),  0 ERROR(S)
